=== tests/test_bench_expect.py
test_every_table_entry_is_valid
    ok   invalid BYPASS_EXPECT entries: 0.000e+00  (tol 0e+00)
  PASS  (0.00s)
test_every_param_bypass_module_has_every_outlet_covered
    ok   modules found with bypass_mode param (sanity: more than 10): 0.000e+00  (tol 0e+00)
    ok   outlets without a bypass expectation: 0.000e+00  (tol 0e+00)
  PASS  (0.01s)
test_exemptions_carry_a_reason_and_name_a_param_bypass_module
    ok   exemptions without a reason, or for a module not on Param bypass: 0.000e+00  (tol 0e+00)
  PASS  (0.00s)
test_detects_an_outlet_that_does_not_exist
    ok   an outlet past n_out is reported: 0.000e+00  (tol 0e+00)
  PASS  (0.00s)
test_detects_an_unknown_kind_a_bad_inlet_and_a_stranger
    ok   an unknown kind is reported: 0.000e+00  (tol 0e+00)
    ok   an inlet the module lacks is reported: 0.000e+00  (tol 0e+00)
    ok   a module that is not shipped is reported: 0.000e+00  (tol 0e+00)
    ok   a const with three channels is reported: 0.000e+00  (tol 0e+00)
  PASS  (0.00s)
test_detects_a_dropped_outlet_and_a_dropped_module
    ok   the shipped table is complete (precondition): 0.000e+00  (tol 0e+00)
    ok   a dropped secondary outlet is reported: 0.000e+00  (tol 0e+00)
    ok   a dropped generator is reported (no implicit out1): 0.000e+00  (tol 0e+00)
    ok   a dropped processor still has its implicit out1 but loses out2: 0.000e+00  (tol 0e+00)
  PASS  (0.01s)
test_comparator_accepts_what_the_table_says_and_flags_what_it_does_not
    ok   a dual module that passes the source through on all three outlets is clean: 0.000e+00  (tol 0e+00)
    ok   a wrong outlet 2 is the only finding: 0.000e+00  (tol 0e+00)
    ok   an `in` expectation is exact: a 1e-6 error on outlet 3 is reported: 0.000e+00  (tol 0e+00)
    ok   a listed outlet with no captured frame is reported: 0.000e+00  (tol 0e+00)
    ok   a frame of another size is reported, not compared: 0.000e+00  (tol 0e+00)
  PASS  (0.01s)
test_comparator_processor_default_is_out1_and_a_missing_out1_is_silent
    ok   f_masonry: out1 and out2 equal in1 -> clean: 0.000e+00  (tol 0e+00)
    ok   f_masonry: a wrong out1 is found through the implicit default: 0.000e+00  (tol 0e+00)
    ok   f_masonry: a missing out1 stays silent (as before 2026-10-06): 0.000e+00  (tol 0e+00)
    ok   f_masonry: a missing out2 is reported: 0.000e+00  (tol 0e+00)
    ok   a generator with no table entry is never checked: 0.000e+00  (tol 0e+00)
  PASS  (0.00s)
test_comparator_vecfield_passthrough_and_constants
    ok   f_vf_prism out3 = (in2.r, in2.g, 0.5, 1) -> clean: 0.000e+00  (tol 0e+00)
    ok   f_vf_prism out3: a char outlet's 127/255 for B is inside the tolerance: 0.000e+00  (tol 0e+00)
    ok   f_vf_prism out3: a genuinely wrong field is reported: 0.000e+00  (tol 0e+00)
    ok   f_vf_advect out3 (float32, tol 1e-5): (in2.r, in2.g, 0.5, 1) -> clean: 0.000e+00  (tol 0e+00)
    ok   f_vf_advect out3 (float32, tol 1e-5): the neutral-0.5 'unconnected' look is told apart from the passthrough: 0.000e+00  (tol 0e+00)
    ok   f_vf_advect out3: B must be 0.5, not the input's blue: 0.000e+00  (tol 0e+00)
    ok   f_chladni: black / zero-vector / black with alpha 1 -> clean: 0.000e+00  (tol 0e+00)
    ok   f_chladni: a wrong alpha on out2 is reported: 0.000e+00  (tol 0e+00)
    ok   f_chladni: constants are compared at the outlet's own size (the context, not the input's): 0.000e+00  (tol 0e+00)
  PASS  (0.00s)
test_expected_picks_the_inlet_it_names
    ok   ('in', 2) is inlet 2's texture, not inlet 1's: 0.000e+00  (tol 0e+00)
    ok   ('in', 1) is inlet 1's texture: 0.000e+00  (tol 0e+00)
    ok   ('vec', 2) is inlet 2's (R, G) with B = 0.5, A = 1: 0.000e+00  (tol 0e+00)
    ok   ('vec', 2) leaves inlet 2's own frame untouched: 0.000e+00  (tol 0e+00)
  PASS  (0.00s)

10/10 passed
=== tests/test_bench_patchbuild.py
test_obj_comment_and_wire_shapes
    ok   obj returns its id: 0.000e+00  (tol 0e+00)
    ok   key order and the float rect: 0.000e+00  (tol 0e+00)
    ok   values (the rect compared as JSON, so an int is not mistaken for a float): 0.000e+00  (tol 0e+00)
    ok   default outlettype is one empty string per outlet, and no varname key: 0.000e+00  (tol 0e+00)
    ok   no outlets means no outlettype key: 0.000e+00  (tol 0e+00)
    ok   maxclass is settable: 0.000e+00  (tol 0e+00)
    ok   comment shape: 0.000e+00  (tol 0e+00)
    ok   wire shape: 0.000e+00  (tol 0e+00)
    ok   two Patches do not share their lists: 0.000e+00  (tol 0e+00)
  PASS  (0.00s)
test_patcher_dict_wrapper
    ok   keys in Max's order: 0.000e+00  (tol 0e+00)
    ok   default rect: 0.000e+00  (tol 0e+00)
    ok   a given rect is floated (compared as JSON: 1 == 1.0 in Python, but the file differs): 0.000e+00  (tol 0e+00)
    ok   each wrapper has its own appversion copy: 0.000e+00  (tol 0e+00)
  PASS  (0.00s)
test_regenerating_both_bench_patches_is_byte_identical
    ok   make_bench.py runs: 0.000e+00  (tol 0e+00)
    ok   make_module_bench.py runs: 0.000e+00  (tol 0e+00)
    ok   bench.maxpat is byte-identical after regenerating: 0.000e+00  (tol 0e+00)
    ok   bench_module.maxpat is byte-identical after regenerating: 0.000e+00  (tol 0e+00)
    ok   bench_module_empty.maxpat is byte-identical after regenerating: 0.000e+00  (tol 0e+00)
    ok   bench_default.genjit is byte-identical after regenerating: 0.000e+00  (tol 0e+00)
  PASS  (0.04s)

3/3 passed
=== tests/test_benchclient.py
test_encode_matches_spec_bytes
    ok   /ping: 0.000e+00  (tol 0e+00)
    ok   4-char address gets 4 nulls: 0.000e+00  (tol 0e+00)
    ok   /run '/a b': 0.000e+00  (tol 0e+00)
    ok   int arg: 0.000e+00  (tol 0e+00)
  PASS  (0.00s)
test_roundtrip
    ok   round trips: 0.000e+00  (tol 0e+00)
    ok   address-only packet (no type tags) decodes: 0.000e+00  (tol 0e+00)
  PASS  (0.00s)
test_loopback_reply_matching
    SKIP (bench port in use -- the real bench is probably open)
  PASS  (0.00s)
test_prune_jobs_keeps_newest_and_leaves_other_files
    ok   removed the 4 oldest: 4.000e+00  (tol 4e+00)
    ok   newest 3 kept + log + unrelated dir: 0.000e+00  (tol 0e+00)
    ok   keep >= count removes nothing: 0.000e+00  (tol 0e+00)
    ok   new job dir survives its own prune: 0.000e+00  (tol 0e+00)
    ok   jobs dir held to JOBS_KEEP: 2.000e+00  (tol 2e+00)
  PASS  (0.00s)

4/4 passed
=== tests/test_benchdeps.py
test_python_deps_are_transitive_local_and_nothing_else
    ok   the file, its import, and that import's import from build/: 0.000e+00  (tol 0e+00)
    ok   an unrelated module and the standard library are not deps: 0.000e+00  (tol 0e+00)
    ok   a file that does not exist is an error: 0.000e+00  (tol 0e+00)
  PASS  (0.00s)
test_input_hash_changes_exactly_when_an_input_changes
    ok   stable when nothing changed: 0.000e+00  (tol 0e+00)
    ok   an unrelated python file does not change it: 0.000e+00  (tol 0e+00)
    ok   a data file outside the globs does not change it: 0.000e+00  (tol 0e+00)
    ok   a transitive python dependency changes it: 0.000e+00  (tol 0e+00)
    ok   a data file in the globs changes it: 0.000e+00  (tol 0e+00)
    ok   a NEW file matching a glob changes it: 0.000e+00  (tol 0e+00)
    ok   renaming a matched file changes it (the path is hashed, not only the content): 0.000e+00  (tol 0e+00)
    ok   renaming it back restores the hash: 0.000e+00  (tol 0e+00)
    ok   the bench file itself is an input: 0.000e+00  (tol 0e+00)
  PASS  (0.01s)
test_a_glob_that_matches_nothing_is_an_error_not_silence
    ok   a pattern matching no file raises: 0.000e+00  (tol 0e+00)
    ok   even when other patterns match: 0.000e+00  (tol 0e+00)
  PASS  (0.00s)
test_module_hashes_are_per_patcher
    ok   one entry per f_*.maxpat: 0.000e+00  (tol 0e+00)
    ok   editing one patcher changes only its hash: 0.000e+00  (tol 0e+00)
  PASS  (0.00s)
test_a_modules_hash_includes_the_archetype_its_bench_reads_from_the_definition
    ok   no definition: the hash is the plain patcher hash (an existing record stays valid): 0.000e+00  (tol 0e+00)
    ok   a definition with an archetype changes that module's hash: 0.000e+00  (tol 0e+00)
    ok   ...and no other module's: 0.000e+00  (tol 0e+00)
    ok   editing anything else in the definition does NOT change the hash (no needless reruns): 0.000e+00  (tol 0e+00)
    ok   changing the archetype DOES: 0.000e+00  (tol 0e+00)
  PASS  (0.00s)
test_benchdeps_reads_the_archetype_exactly_as_the_module_bench_does
    ok   f_caustic: benchdeps and modulebench agree on the archetype: 0.000e+00  (tol 0e+00)
    ok   f_channel_grader: benchdeps and modulebench agree on the archetype: 0.000e+00  (tol 0e+00)
    ok   f_chladni: benchdeps and modulebench agree on the archetype: 0.000e+00  (tol 0e+00)
    ok   f_droste: benchdeps and modulebench agree on the archetype: 0.000e+00  (tol 0e+00)
    ok   f_grain: benchdeps and modulebench agree on the archetype: 0.000e+00  (tol 0e+00)
    ok   f_hue_processor: benchdeps and modulebench agree on the archetype: 0.000e+00  (tol 0e+00)
    ok   f_lens: benchdeps and modulebench agree on the archetype: 0.000e+00  (tol 0e+00)
    ok   f_luma_processor: benchdeps and modulebench agree on the archetype: 0.000e+00  (tol 0e+00)
    ok   f_masonry: benchdeps and modulebench agree on the archetype: 0.000e+00  (tol 0e+00)
    ok   f_mobius: benchdeps and modulebench agree on the archetype: 0.000e+00  (tol 0e+00)
    ok   f_ngon: benchdeps and modulebench agree on the archetype: 0.000e+00  (tol 0e+00)
    ok   f_sirds: benchdeps and modulebench agree on the archetype: 0.000e+00  (tol 0e+00)
    ok   f_stereo: benchdeps and modulebench agree on the archetype: 0.000e+00  (tol 0e+00)
    ok   f_stipple: benchdeps and modulebench agree on the archetype: 0.000e+00  (tol 0e+00)
    ok   f_texrouter: benchdeps and modulebench agree on the archetype: 0.000e+00  (tol 0e+00)
    ok   f_tone_curve: benchdeps and modulebench agree on the archetype: 0.000e+00  (tol 0e+00)
    ok   f_vf_advect: benchdeps and modulebench agree on the archetype: 0.000e+00  (tol 0e+00)
    ok   f_vf_chroma: benchdeps and modulebench agree on the archetype: 0.000e+00  (tol 0e+00)
    ok   f_vf_fieldmap: benchdeps and modulebench agree on the archetype: 0.000e+00  (tol 0e+00)
    ok   f_vf_flow: benchdeps and modulebench agree on the archetype: 0.000e+00  (tol 0e+00)
    ok   f_vf_fluid: benchdeps and modulebench agree on the archetype: 0.000e+00  (tol 0e+00)
    ok   f_vf_glow: benchdeps and modulebench agree on the archetype: 0.000e+00  (tol 0e+00)
    ok   f_vf_optical_flow: benchdeps and modulebench agree on the archetype: 0.000e+00  (tol 0e+00)
    ok   f_vf_potential: benchdeps and modulebench agree on the archetype: 0.000e+00  (tol 0e+00)
    ok   f_vf_prism: benchdeps and modulebench agree on the archetype: 0.000e+00  (tol 0e+00)
    ok   f_vf_repulse: benchdeps and modulebench agree on the archetype: 0.000e+00  (tol 0e+00)
    ok   f_vf_seeds: benchdeps and modulebench agree on the archetype: 0.000e+00  (tol 0e+00)
    ok   f_vf_split: benchdeps and modulebench agree on the archetype: 0.000e+00  (tol 0e+00)
    ok   f_vf_streak: benchdeps and modulebench agree on the archetype: 0.000e+00  (tol 0e+00)
    ok   f_vf_vortex: benchdeps and modulebench agree on the archetype: 0.000e+00  (tol 0e+00)
    ok   f_vf_vortex_multi: benchdeps and modulebench agree on the archetype: 0.000e+00  (tol 0e+00)
    ok   f_vf_vorticity: benchdeps and modulebench agree on the archetype: 0.000e+00  (tol 0e+00)
    ok   f_vf_warp: benchdeps and modulebench agree on the archetype: 0.000e+00  (tol 0e+00)
    ok   f_weave: benchdeps and modulebench agree on the archetype: 0.000e+00  (tol 0e+00)
    ok   a useful number of definitions were compared: 0.000e+00  (tol 0e+00)
  PASS  (0.03s)
test_decide_runs_unless_the_last_green_run_matches_in_every_respect
    ok   no record: run: 0.000e+00  (tol 0e+00)
    ok   identical: skip: 0.000e+00  (tol 0e+00)
    ok   skip says when and on what: 0.000e+00  (tol 0e+00)
    ok   inputs changed: run: 0.000e+00  (tol 0e+00)
    ok   Max changed: run, and the reason names both versions: 0.000e+00  (tol 0e+00)
    ok   Vsynth changed: run: 0.000e+00  (tol 0e+00)
    ok   slow requested but last green skipped slow tests: run: 0.000e+00  (tol 0e+00)
    ok   slow requested and last green included them: skip: 0.000e+00  (tol 0e+00)
    ok   a slow-green run satisfies a fast request: 0.000e+00  (tol 0e+00)
  PASS  (0.00s)
test_decide_per_module_runs_only_the_patchers_that_changed
    ok   nothing changed: skip: 0.000e+00  (tol 0e+00)
    ok   one patcher changed: run only it: 0.000e+00  (tol 0e+00)
    ok   a new module: run only it: 0.000e+00  (tol 0e+00)
    ok   a module removed: nothing to run: 0.000e+00  (tol 0e+00)
    ok   the shared inputs changed: run ALL modules (no subset): 0.000e+00  (tol 0e+00)
    ok   no per-module record: run all: 0.000e+00  (tol 0e+00)
  PASS  (0.00s)
test_record_green_full_and_partial
    ok   a full run records every module: 0.000e+00  (tol 0e+00)
    ok   a partial run updates only the modules that ran: 0.000e+00  (tol 0e+00)
    ok   if the shared inputs changed since, only what ran is known green: 0.000e+00  (tol 0e+00)
    ok   a removed module drops out of the record: 0.000e+00  (tol 0e+00)
    ok   other files' entries are untouched: 0.000e+00  (tol 0e+00)
    ok   the slow flag is stored: 0.000e+00  (tol 0e+00)
    ok   and defaults to false: 0.000e+00  (tol 0e+00)
  PASS  (0.00s)
test_record_file_is_robust_and_atomic
    ok   missing file: nothing known green: 0.000e+00  (tol 0e+00)
    ok   round trip: 0.000e+00  (tol 0e+00)
    ok   no temp file left behind: 0.000e+00  (tol 0e+00)
    ok   corrupt JSON: nothing known green, no crash: 0.000e+00  (tol 0e+00)
    ok   wrong shape: nothing known green: 0.000e+00  (tol 0e+00)
    ok   not even an object: nothing known green: 0.000e+00  (tol 0e+00)
  PASS  (0.00s)
test_cli_plan_record_forget_cycle
    ok   never recorded: planned to run: 0.000e+00  (tol 0e+00)
    ok   recorded green: skipped, with the reason on stderr: 0.000e+00  (tol 0e+00)
    ok   --slow after a fast-green run: runs again: 0.000e+00  (tol 0e+00)
    ok   after a failure (forget): runs again: 0.000e+00  (tol 0e+00)
  PASS  (0.06s)
test_cli_files_without_dependencies_always_run_and_are_never_recorded
    ok   unregistered file: runs: 0.000e+00  (tol 0e+00)
    ok   snapshot prints nothing for it: 0.000e+00  (tol 0e+00)
    ok   record is a no-op for it: 0.000e+00  (tol 0e+00)
  PASS  (0.01s)
test_cli_a_missing_input_glob_fails_loudly
    ok   exit code 3 and the pattern named: 0.000e+00  (tol 0e+00)
    ok   nothing is printed to run: 0.000e+00  (tol 0e+00)
  PASS  (0.01s)
test_every_real_bench_file_is_registered_and_its_globs_match
    ok   every tests/bench_*.py has a DATA entry (a new bench file must register): 0.000e+00  (tol 0e+00)
    ok   every DATA entry is a real file: 0.000e+00  (tol 0e+00)
    ok   every glob matches at least one real file: 0.000e+00  (tol 0e+00)
    ok   PER_MODULE names registered files: 0.000e+00  (tol 0e+00)
    ok   every file in bench.sh's DEFAULT is registered: 0.000e+00  (tol 0e+00)
  PASS  (0.11s)
test_the_machinery_is_an_input_of_every_bench_file
    ok   bench_caustic_codebox depends on harness and benchclient: 0.000e+00  (tol 0e+00)
    ok   bench_caustic_sheets depends on harness and benchclient: 0.000e+00  (tol 0e+00)
    ok   bench_control depends on harness and benchclient: 0.000e+00  (tol 0e+00)
    ok   bench_fft depends on harness and benchclient: 0.000e+00  (tol 0e+00)
    ok   bench_fluid depends on harness and benchclient: 0.000e+00  (tol 0e+00)
    ok   bench_fluid_module depends on harness and benchclient: 0.000e+00  (tol 0e+00)
    ok   bench_fluid_probes depends on harness and benchclient: 0.000e+00  (tol 0e+00)
    ok   bench_modules depends on harness and benchclient: 0.000e+00  (tol 0e+00)
    ok   bench_perf depends on harness and benchclient: 0.000e+00  (tol 0e+00)
    ok   bench_selftest depends on harness and benchclient: 0.000e+00  (tol 0e+00)
    ok   bench_temporal depends on harness and benchclient: 0.000e+00  (tol 0e+00)
  PASS  (0.10s)
test_snapshot_records_the_environment
    ok   an explicit environment is stored as given: 0.000e+00  (tol 0e+00)
    ok   otherwise the detected one: 0.000e+00  (tol 0e+00)
    ok   detect_env names Max and Vsynth: 0.000e+00  (tol 0e+00)
  PASS  (0.02s)
test_only_bench_modules_is_tracked_per_module
    ok   bench_modules snapshots carry one hash per patcher: 0.000e+00  (tol 0e+00)
    ok   other files' snapshots do not: 0.000e+00  (tol 0e+00)
    ok   fluid_module depends on the fluid patcher and its codeboxes: 0.000e+00  (tol 0e+00)
  PASS  (0.04s)
test_bench_sh_changed_skips_green_files_and_lists_the_rest
    ok   empty record: --changed --list names all 9 default files (bench.sh DEFAULT): 0.000e+00  (tol 0e+00)
    ok   everything green: nothing to run, exit 0: 0.000e+00  (tol 0e+00)
    ok   --changed with a record never needs Max (no preflight): 0.000e+00  (tol 0e+00)
    ok   one record removed: only that file is listed: 0.000e+00  (tol 0e+00)
    ok   a different environment on record: that file runs too: 0.000e+00  (tol 0e+00)
    ok   --slow: every file whose green run skipped slow tests runs: 0.000e+00  (tol 0e+00)
    ok   without --changed: all 9, the record is ignored: 0.000e+00  (tol 0e+00)
  PASS  (0.85s)
test_a_module_subset_run_does_not_call_other_modules_known_issues_fixed
    ok   known issues that now pass (remove them): 0.000e+00  (tol 0e+00)
    ok   a subset run that excludes the module: not reported fixed: 0.000e+00  (tol 0e+00)
    ok   the module did run and the issue is gone: reported (remove it from KNOWN): 0.000e+00  (tol 0e+00)
    ok   a full run still reports every known issue that is gone: 0.000e+00  (tol 0e+00)
  PASS  (0.00s)
test_bench_sh_records_a_pass_and_forgets_a_failure
    ok   a passing run exits 0: 0.000e+00  (tol 0e+00)
    ok   and is recorded: --changed now has nothing to run: 0.000e+00  (tol 0e+00)
    ok   a failing run exits 1: 0.000e+00  (tol 0e+00)
    ok   and its green record is forgotten: --changed runs it again: 0.000e+00  (tol 0e+00)
    ok   a run without --slow does not satisfy --changed --slow: 0.000e+00  (tol 0e+00)
    ok   --slow exports BENCH_SLOW to the test: 0.000e+00  (tol 0e+00)
    ok   a --slow pass is recorded as slow-green: 0.000e+00  (tol 0e+00)
    ok   the log starts with the Max version and date: 0.000e+00  (tol 0e+00)
  PASS  (0.87s)
test_bench_sh_passes_only_the_changed_modules_and_records_them
    ok   exactly the module whose patcher differs is run, and passed through: 0.000e+00  (tol 0e+00)
    ok   the shell tells `record` which modules it ran: 0.000e+00  (tol 0e+00)
    ok   once it passed, its new hash is recorded: nothing left to run: 0.000e+00  (tol 0e+00)
    ok   a plain run is not limited to any module: 0.000e+00  (tol 0e+00)
  PASS  (0.40s)

21/21 passed
=== tests/test_bg.py
test_start_returns_at_once_and_status_does_not_block
    ok   start prints the run id: 0.000e+00  (tol 0e+00)
    ok   and returns long before the 3 s run ends: 0.000e+00  (tol 0e+00)
    ok   status of a running run exits 2 and says running: 0.000e+00  (tol 0e+00)
    ok   status itself does not wait: 0.000e+00  (tol 0e+00)
    ok   when done: exit 0, 'passed', and the per-file summary: 0.000e+00  (tol 0e+00)
  PASS  (3.31s)
test_a_failing_run_is_reported_as_failed_with_its_failures
    ok   exit 1 and 'failed': 0.000e+00  (tol 0e+00)
    ok   the FAIL line is in the summary: 0.000e+00  (tol 0e+00)
    ok   log shows the run's output and its path: 0.000e+00  (tol 0e+00)
  PASS  (0.31s)
test_bench_defaults_to_changed_and_args_replace_it
    ok   bench with no args runs --changed: 0.000e+00  (tol 0e+00)
    ok   explicit args replace it: 0.000e+00  (tol 0e+00)
    ok   offline passes its args through: 0.000e+00  (tol 0e+00)
  PASS  (0.92s)
test_only_one_bench_run_at_a_time_but_offline_may_overlap
    ok   a second bench run is refused: 0.000e+00  (tol 0e+00)
    ok   an offline run is allowed alongside: 0.000e+00  (tol 0e+00)
    ok   'all' counts as a bench run and is refused too: 0.000e+00  (tol 0e+00)
    ok   once the first finished, a bench run starts again: 0.000e+00  (tol 0e+00)
  PASS  (3.39s)
test_a_stale_lock_from_a_dead_run_does_not_block
    ok   a lock whose process is gone is cleared: 0.000e+00  (tol 0e+00)
  PASS  (0.30s)
test_stop_kills_the_run_and_frees_the_lock
    ok   it is running, with child processes (the real test run): 0.000e+00  (tol 0e+00)
    ok   stop says so: 0.000e+00  (tol 0e+00)
    ok   the process is gone: 0.000e+00  (tol 0e+00)
    ok   and so is everything it started: 0.000e+00  (tol 0e+00)
    ok   status: stopped, exit 1: 0.000e+00  (tol 0e+00)
    ok   the lock is released: 0.000e+00  (tol 0e+00)
    ok   a new bench run can start: 0.000e+00  (tol 0e+00)
    ok   stopping a run that is not running is an error: 0.000e+00  (tol 0e+00)
  PASS  (1.35s)
test_a_run_whose_process_vanished_is_reported_as_died
    ok   status 'died', exit 1, with a pointer to the log: 0.000e+00  (tol 0e+00)
    ok   list shows it as died too: 0.000e+00  (tol 0e+00)
  PASS  (0.05s)
test_all_runs_both_even_when_the_first_fails
    ok   the offline part and the bench part both ran: 0.000e+00  (tol 0e+00)
    ok   and the bench defaulted to --changed: 0.000e+00  (tol 0e+00)
    ok   overall failed: 0.000e+00  (tol 0e+00)
  PASS  (0.32s)
test_status_and_list_find_runs_by_kind_and_in_order
    ok   `status bench` finds the latest bench run: 0.000e+00  (tol 0e+00)
    ok   `status offline` finds the latest offline run: 0.000e+00  (tol 0e+00)
    ok   plain `status` is the most recently started: 0.000e+00  (tol 0e+00)
    ok   list names both runs: 0.000e+00  (tol 0e+00)
    ok   `status` with nothing recorded exits 3: 0.000e+00  (tol 0e+00)
  PASS  (1.82s)
test_run_dirs_are_safe_from_the_job_pruner_and_from_git
    ok   a run id does not look like a bench job id (prune_jobs would delete those): 0.000e+00  (tol 0e+00)
    ok   the default run directory is gitignored: 0.000e+00  (tol 0e+00)
  PASS  (0.30s)

10/10 passed
=== tests/test_build_conventions.py
test_numbox_is_written_as_max_writes_it
    ok   the definition makes two numboxes (a float one and an int one): 0.000e+00  (tol 0e+00)
    ok   a float-type numbox is parameter_type 0 / unitstyle 1 (Float): 0.000e+00  (tol 0e+00)
    ok   a dial is unitstyle 1 too (unchanged): 0.000e+00  (tol 0e+00)
  PASS  (0.00s)
test_every_port_is_index_zero_and_in_x_order
    ok   3 inlets: 0.000e+00  (tol 0e+00)
    ok   every inlet is written with index 0 (Max rewrites it to 0): 0.000e+00  (tol 0e+00)
    ok   the inlets are in strictly increasing x order, so Max keeps the port order: 0.000e+00  (tol 0e+00)
    ok   ...and the inlets are labelled in the intended order: 0.000e+00  (tol 0e+00)
    ok   3 outlets: 0.000e+00  (tol 0e+00)
    ok   every outlet is written with index 0 (Max rewrites it to 0): 0.000e+00  (tol 0e+00)
    ok   the outlets are in strictly increasing x order, so Max keeps the port order: 0.000e+00  (tol 0e+00)
    ok   ...and the outlets are labelled in the intended order: 0.000e+00  (tol 0e+00)
  PASS  (0.00s)
test_check_port_order
    ok   increasing x passes: 0.000e+00  (tol 0e+00)
    ok   inlets out of x order is refused: 0.000e+00  (tol 0e+00)
    ok   outlets out of x order is refused: 0.000e+00  (tol 0e+00)
    ok   two inlets at the same x is refused: 0.000e+00  (tol 0e+00)
    ok   a non-port box at a smaller x is ignored: 0.000e+00  (tol 0e+00)
  PASS  (0.00s)
test_build_runs_the_port_order_check
    ok   build() calls check_port_order exactly once, on the finished box list: 0.000e+00  (tol 0e+00)
    ok   ...with the whole patcher's boxes: 0.000e+00  (tol 0e+00)
  PASS  (0.00s)
test_render_trigger_default_adds_r_draw
    ok   default: a top-level `r draw` box: 0.000e+00  (tol 0e+00)
    ok   default: wired to the pix: 0.000e+00  (tol 0e+00)
    ok   default: routepass drives the pix too: 0.000e+00  (tol 0e+00)
    ok   default: an `r draw` inside the gen patcher: 0.000e+00  (tol 0e+00)
    ok   an explicit "rdraw" is the default: 0.000e+00  (tol 0e+00)
  PASS  (0.00s)
test_render_trigger_inlet_omits_r_draw_everywhere_and_nothing_else
    ok   inlet: no top-level `r draw` box: 0.000e+00  (tol 0e+00)
    ok   inlet: no cord from it: 0.000e+00  (tol 0e+00)
    ok   inlet: routepass still drives the pix: 0.000e+00  (tol 0e+00)
    ok   inlet: no `r draw` inside the gen patcher: 0.000e+00  (tol 0e+00)
    ok   inlet: the gen patcher's cords are unchanged (the inner r draw was free-standing): 0.000e+00  (tol 0e+00)
    ok   exactly one top-level box differs: the `r draw`: 0.000e+00  (tol 0e+00)
  PASS  (0.00s)
test_render_trigger_is_loud
    ok   an unknown value: 0.000e+00  (tol 0e+00)
    ok   "inlet" on a processor: 0.000e+00  (tol 0e+00)
    ok   "inlet" on a source without mod_inlets: 0.000e+00  (tol 0e+00)
  PASS  (0.00s)
test_the_vortex_modules_ship_without_r_draw_and_keep_their_hand_built_controls
    ok   f_vf_vortex: no `r draw`: 0.000e+00  (tol 0e+00)
    ok   f_vf_vortex_multi: no `r draw`: 0.000e+00  (tol 0e+00)
    ok   f_vf_vortex_multi keeps its nodes object and vsc_center_ctrl bpatcher (raw_boxes): 0.000e+00  (tol 0e+00)
    ok   ...and the nodes object's saved state is in the parameters block: 0.000e+00  (tol 0e+00)
  PASS  (0.01s)
test_every_shipped_definition_builds_with_ports_in_order
    ok   f_caustic: inlet index: 0.000e+00  (tol 0e+00)
    ok   f_caustic: outlet index: 0.000e+00  (tol 0e+00)
    ok   f_channel_grader: inlet index: 0.000e+00  (tol 0e+00)
    ok   f_channel_grader: outlet index: 0.000e+00  (tol 0e+00)
    ok   f_chladni: inlet index: 0.000e+00  (tol 0e+00)
    ok   f_chladni: outlet index: 0.000e+00  (tol 0e+00)
    ok   f_droste: inlet index: 0.000e+00  (tol 0e+00)
    ok   f_droste: outlet index: 0.000e+00  (tol 0e+00)
    ok   f_grain: inlet index: 0.000e+00  (tol 0e+00)
    ok   f_grain: outlet index: 0.000e+00  (tol 0e+00)
    ok   f_hue_processor: inlet index: 0.000e+00  (tol 0e+00)
    ok   f_hue_processor: outlet index: 0.000e+00  (tol 0e+00)
    ok   f_lens: inlet index: 0.000e+00  (tol 0e+00)
    ok   f_lens: outlet index: 0.000e+00  (tol 0e+00)
    ok   f_luma_processor: inlet index: 0.000e+00  (tol 0e+00)
    ok   f_luma_processor: outlet index: 0.000e+00  (tol 0e+00)
    ok   f_masonry: inlet index: 0.000e+00  (tol 0e+00)
    ok   f_masonry: outlet index: 0.000e+00  (tol 0e+00)
    ok   f_mobius: inlet index: 0.000e+00  (tol 0e+00)
    ok   f_mobius: outlet index: 0.000e+00  (tol 0e+00)
    ok   f_ngon: inlet index: 0.000e+00  (tol 0e+00)
    ok   f_ngon: outlet index: 0.000e+00  (tol 0e+00)
    ok   f_stereo: inlet index: 0.000e+00  (tol 0e+00)
    ok   f_stereo: outlet index: 0.000e+00  (tol 0e+00)
    ok   f_stipple: inlet index: 0.000e+00  (tol 0e+00)
    ok   f_stipple: outlet index: 0.000e+00  (tol 0e+00)
    ok   f_texrouter: inlet index: 0.000e+00  (tol 0e+00)
    ok   f_texrouter: outlet index: 0.000e+00  (tol 0e+00)
    ok   f_tone_curve: inlet index: 0.000e+00  (tol 0e+00)
    ok   f_tone_curve: outlet index: 0.000e+00  (tol 0e+00)
    ok   f_vf_advect: inlet index: 0.000e+00  (tol 0e+00)
    ok   f_vf_advect: outlet index: 0.000e+00  (tol 0e+00)
    ok   f_vf_chroma: inlet index: 0.000e+00  (tol 0e+00)
    ok   f_vf_chroma: outlet index: 0.000e+00  (tol 0e+00)
    ok   f_vf_fieldmap: inlet index: 0.000e+00  (tol 0e+00)
    ok   f_vf_fieldmap: outlet index: 0.000e+00  (tol 0e+00)
    ok   f_vf_flow: inlet index: 0.000e+00  (tol 0e+00)
    ok   f_vf_flow: outlet index: 0.000e+00  (tol 0e+00)
    ok   f_vf_fluid: inlet index: 0.000e+00  (tol 0e+00)
    ok   f_vf_fluid: outlet index: 0.000e+00  (tol 0e+00)
    ok   f_vf_glow: inlet index: 0.000e+00  (tol 0e+00)
    ok   f_vf_glow: outlet index: 0.000e+00  (tol 0e+00)
    ok   f_vf_optical_flow: inlet index: 0.000e+00  (tol 0e+00)
    ok   f_vf_optical_flow: outlet index: 0.000e+00  (tol 0e+00)
    ok   f_vf_potential: inlet index: 0.000e+00  (tol 0e+00)
    ok   f_vf_potential: outlet index: 0.000e+00  (tol 0e+00)
    ok   f_vf_prism: inlet index: 0.000e+00  (tol 0e+00)
    ok   f_vf_prism: outlet index: 0.000e+00  (tol 0e+00)
    ok   f_vf_repulse: inlet index: 0.000e+00  (tol 0e+00)
    ok   f_vf_repulse: outlet index: 0.000e+00  (tol 0e+00)
    ok   f_vf_seeds: inlet index: 0.000e+00  (tol 0e+00)
    ok   f_vf_seeds: outlet index: 0.000e+00  (tol 0e+00)
    ok   f_vf_split: inlet index: 0.000e+00  (tol 0e+00)
    ok   f_vf_split: outlet index: 0.000e+00  (tol 0e+00)
    ok   f_vf_streak: inlet index: 0.000e+00  (tol 0e+00)
    ok   f_vf_streak: outlet index: 0.000e+00  (tol 0e+00)
    ok   f_vf_vortex: inlet index: 0.000e+00  (tol 0e+00)
    ok   f_vf_vortex: outlet index: 0.000e+00  (tol 0e+00)
    ok   f_vf_vortex_multi: inlet index: 0.000e+00  (tol 0e+00)
    ok   f_vf_vortex_multi: outlet index: 0.000e+00  (tol 0e+00)
    ok   f_vf_vorticity: inlet index: 0.000e+00  (tol 0e+00)
    ok   f_vf_vorticity: outlet index: 0.000e+00  (tol 0e+00)
    ok   f_vf_warp: inlet index: 0.000e+00  (tol 0e+00)
    ok   f_vf_warp: outlet index: 0.000e+00  (tol 0e+00)
    ok   f_weave: inlet index: 0.000e+00  (tol 0e+00)
    ok   f_weave: outlet index: 0.000e+00  (tol 0e+00)
    (33 definitions built)
    ok   a useful number of definitions were checked: 0.000e+00  (tol 0e+00)
  PASS  (0.06s)
test_route_bypass_default_is_off_and_unchanged
    ok   default: no bypass token: 0.000e+00  (tol 0e+00)
    ok   default: nothing from the route reaches the bypass jsui: 0.000e+00  (tol 0e+00)
    ok   an explicit False is the default: 0.000e+00  (tol 0e+00)
  PASS  (0.00s)
test_route_bypass_adds_the_token_the_cord_and_shifts_every_outlet
    ok   bypass is the first token: 0.000e+00  (tol 0e+00)
    ok   one more route outlet: 0.000e+00  (tol 0e+00)
    ok   outlet 0 goes to the bypass jsui: 0.000e+00  (tol 0e+00)
    ok   outlet 1 (token 'g') feeds the control of that name: 0.000e+00  (tol 0e+00)
    ok   outlet 2 (token 'mix_pct') feeds the control of that name: 0.000e+00  (tol 0e+00)
    ok   outlet 3 (token 'n') feeds the control of that name: 0.000e+00  (tol 0e+00)
    ok   every param is still fed exactly once: 0.000e+00  (tol 0e+00)
    ok   the param cords are the default's, one outlet up: 0.000e+00  (tol 0e+00)
  PASS  (0.00s)
test_route_bypass_shifts_the_header_toggle_outlet_too
    ok   route_bypass=False: the header toggle's outlet is the one named `tog`: 0.000e+00  (tol 0e+00)
    ok   route_bypass=True: the header toggle's outlet is the one named `tog`: 0.000e+00  (tol 0e+00)
  PASS  (0.00s)
test_route_bypass_changes_nothing_else
    ok   the same boxes: 0.000e+00  (tol 0e+00)
    ok   only the route box differs (apart from patching_rect): 0.000e+00  (tol 0e+00)
    ok   every cord that does not leave the route is identical: 0.000e+00  (tol 0e+00)
  PASS  (0.00s)
test_route_bypass_is_loud
    ok   a non-boolean value: 0.000e+00  (tol 0e+00)
  PASS  (0.00s)
test_f_mobius_routes_bypass_as_shipped
    ok   f_mobius builds its `route bypass ...`: 0.000e+00  (tol 0e+00)
  PASS  (0.00s)
test_modmode_defaults_to_relative_and_a_param_can_turn_it_off
    ok   default: every dial and numbox is 3: 0.000e+00  (tol 0e+00)
    ok   only the params that say so change (dial and numbox): 0.000e+00  (tol 0e+00)
    ok   any of Max's 0-4 is passed through: 0.000e+00  (tol 0e+00)
  PASS  (0.00s)
test_modmode_is_loud_outside_0_to_4
    ok   modmode 5 is refused, naming the param: 0.000e+00  (tol 0e+00)
    ok   modmode -1 is refused, naming the param: 0.000e+00  (tol 0e+00)
    ok   modmode 3.0 is refused, naming the param: 0.000e+00  (tol 0e+00)
    ok   modmode '0' is refused, naming the param: 0.000e+00  (tol 0e+00)
    ok   modmode True is refused, naming the param: 0.000e+00  (tol 0e+00)
    ok   modmode None is refused, naming the param: 0.000e+00  (tol 0e+00)
  PASS  (0.00s)
test_f_droste_has_its_time_s_inlet_and_a_dial_with_modulation_off
    ok   two inlets, in port order: the texture / control inlet, then time_s: 0.000e+00  (tol 0e+00)
    ok   one attrui for time_s: 0.000e+00  (tol 0e+00)
    ok   inlet -> attrui -> the pix: 0.000e+00  (tol 0e+00)
    ok   only n_arms has modulation off: 0.000e+00  (tol 0e+00)
  PASS  (0.00s)
test_route_name_changes_the_token_not_the_control_it_reaches
    ok   the token is the route_name: 0.000e+00  (tol 0e+00)
    ok   and its outlet still reaches the mix_pct control: 0.000e+00  (tol 0e+00)
    ok   without it the token is the name (unchanged): 0.000e+00  (tol 0e+00)
    ok   with route_bypass the shift still holds: 0.000e+00  (tol 0e+00)
  PASS  (0.00s)
test_route_name_is_loud
    ok   two words: 0.000e+00  (tol 0e+00)
    ok   empty: 0.000e+00  (tol 0e+00)
    ok   surrounding space (one word after split, but not a clean token): 0.000e+00  (tol 0e+00)
    ok   not a string: 0.000e+00  (tol 0e+00)
    ok   bypass is reserved: 0.000e+00  (tol 0e+00)
    ok   a token that duplicates another param's name: 0.000e+00  (tol 0e+00)
    ok   two params sharing a route_name: 0.000e+00  (tol 0e+00)
  PASS  (0.00s)
test_hint_none_writes_no_hint_key_and_unset_still_writes_an_empty_one
    ok   a param with a hint keeps it; one with none still gets "" (the builder's long-standing output): 0.000e+00  (tol 0e+00)
    ok   "hint": None omits the key (dial, numbox, int numbox); an unset menu hint is unchanged: 0.000e+00  (tol 0e+00)
    ok   a menu honours hint None too: 0.000e+00  (tol 0e+00)
  PASS  (0.00s)
test_param_connect_names_the_pix_a_control_drives
    ok   separate and mode drive the pass pix, and param_connect says so: 0.000e+00  (tol 0e+00)
    ok   the rest name the primary pix: 0.000e+00  (tol 0e+00)
    ok   a raw-object pix_target keeps naming the primary pix, as before: 0.000e+00  (tol 0e+00)
    ok   the header toggle and the controls after a pix_target one still name the primary pix: 0.000e+00  (tol 0e+00)
    ok   on a pix_chain too: a control after the pass-pix ones names the primary pix: 0.000e+00  (tol 0e+00)
  PASS  (0.00s)
test_f_vf_advect_builds_from_its_definition_as_it_ships
    ok   route tokens, `mix` for the mix_pct numbox: 0.000e+00  (tol 0e+00)
    ok   three outlets: 0.000e+00  (tol 0e+00)
    ok   both pix are float32 @adapt 1: 0.000e+00  (tol 0e+00)
    ok   the menu offers Ride / Hold / Snap: 0.000e+00  (tol 0e+00)
  PASS  (0.00s)
test_route_first_reverses_the_topology_and_adds_the_reject_outlet
    ok   default: inlet -> routepass, routepass unmatched -> route: 0.000e+00  (tol 0e+00)
    ok   route_first: inlet -> route: 0.000e+00  (tol 0e+00)
    ok   route_first: no inlet -> routepass: 0.000e+00  (tol 0e+00)
    ok   route_first: the reject outlet (one past the last token) -> routepass: 0.000e+00  (tol 0e+00)
    ok   route_first: no routepass unmatched -> route: 0.000e+00  (tol 0e+00)
    ok   the route box has the extra (reject) outlet: 0.000e+00  (tol 0e+00)
    ok   default route box has none: 0.000e+00  (tol 0e+00)
    ok   with route_bypass the reject outlet moves up with the tokens: 0.000e+00  (tol 0e+00)
    ok   a non-boolean route_first: 0.000e+00  (tol 0e+00)
    ok   exactly the two default cords are replaced: 0.000e+00  (tol 0e+00)
  PASS  (0.00s)
test_pix_wire_false_leaves_a_control_with_a_route_outlet_and_nothing_else
    ok   the dial and its label still exist: 0.000e+00  (tol 0e+00)
    ok   but no attrui for it: 0.000e+00  (tol 0e+00)
    ok   its route outlet still reaches the dial: 0.000e+00  (tol 0e+00)
    ok   and the dial has no cord going anywhere: 0.000e+00  (tol 0e+00)
    ok   the other params keep their attrui and cords: 0.000e+00  (tol 0e+00)
    ok   the only box that disappears is that attrui: 0.000e+00  (tol 0e+00)
    ok   a non-boolean pix_wire: 0.000e+00  (tol 0e+00)
  PASS  (0.00s)
test_inlet_comment_and_outlet_hint
    ok   default inlet comment: 0.000e+00  (tol 0e+00)
    ok   custom inlet comment: 0.000e+00  (tol 0e+00)
    ok   an empty inlet comment is honoured: 0.000e+00  (tol 0e+00)
    ok   a non-string inlet_comment: 0.000e+00  (tol 0e+00)
    ok   an outlet hint is written, and only where given: 0.000e+00  (tol 0e+00)
  PASS  (0.00s)
test_f_grain_builds_from_its_definition_as_it_ships
    ok   the route, with `edge_mode_menu` for the umenu and the numbox routes last: 0.000e+00  (tol 0e+00)
    ok   control-first: inlet -> route, reject outlet -> routepass: 0.000e+00  (tol 0e+00)
    ok   the inlet has no comment: 0.000e+00  (tol 0e+00)
    ok   persistence is a dial with no attrui: its only cord goes into the era-clock chain: 0.000e+00  (tol 0e+00)
    ok   14 raw boxes, obj-901..obj-914: 0.000e+00  (tol 0e+00)
    ok   the raw numboxes and the umenu are in the parameters block: 0.000e+00  (tol 0e+00)
    ok   the grain mask outlet has its hint: 0.000e+00  (tol 0e+00)
    ok   two `r draw`: one into the persistence chain, one into the pix: 0.000e+00  (tol 0e+00)
  PASS  (0.00s)
test_legacy_is_default_off_and_each_entry_does_only_its_job
    ok   default: pix varname is the object name, autopattr is <prefix>_autopattr, jsui has no saved block: 0.000e+00  (tol 0e+00)
    ok   pix varname changes, its @name does not: 0.000e+00  (tol 0e+00)
    ok   every control's param_connect follows the pix varname: 0.000e+00  (tol 0e+00)
    ok   autopattr varname: 0.000e+00  (tol 0e+00)
    ok   the jsui's saved block, verbatim: 0.000e+00  (tol 0e+00)
    ok   and a copy: editing the definition afterwards does not reach the built box: 0.000e+00  (tol 0e+00)
    ok   nothing else changed (the same boxes, only pix / autopattr / jsui / param_connect ones differ): 0.000e+00  (tol 0e+00)
  PASS  (0.00s)
test_legacy_control_valueof_patches_only_the_named_control_and_none_removes
    ok   g: the shortname is replaced: 0.000e+00  (tol 0e+00)
    ok   n: the two initial keys are removed: 0.000e+00  (tol 0e+00)
    ok   mix_pct is untouched: 0.000e+00  (tol 0e+00)
    ok   and g's other valueof keys are untouched: 0.000e+00  (tol 0e+00)
  PASS  (0.00s)
test_legacy_is_loud
    ok   not a dict: 0.000e+00  (tol 0e+00)
    ok   an unknown key: 0.000e+00  (tol 0e+00)
    ok   an empty pix_varname: 0.000e+00  (tol 0e+00)
    ok   a non-string autopattr_varname: 0.000e+00  (tol 0e+00)
    ok   a non-dict jsui block: 0.000e+00  (tol 0e+00)
    ok   control_valueof of the wrong shape: 0.000e+00  (tol 0e+00)
    ok   control_valueof naming a param that does not exist: 0.000e+00  (tol 0e+00)
    ok   pix_varname on a pix_chain: 0.000e+00  (tol 0e+00)
  PASS  (0.00s)
test_route_reject_to_pix_adds_the_outlet_and_the_cord
    ok   the reject outlet (one past the last token) -> the pix: 0.000e+00  (tol 0e+00)
    ok   the route box has the extra outlet; default has not: 0.000e+00  (tol 0e+00)
    ok   it is the only cord added: 0.000e+00  (tol 0e+00)
    ok   and the normal topology is kept (inlet -> routepass, routepass unmatched -> route): 0.000e+00  (tol 0e+00)
    ok   with route_bypass the reject index moves up with the tokens: 0.000e+00  (tol 0e+00)
    ok   route_reject_to_pix with route_first: 0.000e+00  (tol 0e+00)
    ok   route_reject_to_pix non-boolean: 0.000e+00  (tol 0e+00)
  PASS  (0.00s)
test_color_expression_sets_the_dial_theme_string_only
    ok   the dial gets it; an unset dial keeps ""; a numbox has no activedialcolor: 0.000e+00  (tol 0e+00)
    ok   a non-string color_expression: 0.000e+00  (tol 0e+00)
  PASS  (0.00s)
test_f_channel_grader_builds_from_its_definition_as_it_ships
    ok   the pix text is the old @drawto form, and its varname is the re-created one: 0.000e+00  (tol 0e+00)
    ok   12 dials, all bound to that varname: 0.000e+00  (tol 0e+00)
    ok   three shared row labels (raw) and no per-dial labels: 0.000e+00  (tol 0e+00)
    ok   route: bypass first, one reject outlet that feeds the pix: 0.000e+00  (tol 0e+00)
    ok   autopattr keeps its auto name: 0.000e+00  (tol 0e+00)
    ok   the rows keep their theme colours (R, G, B; Master has none): 0.000e+00  (tol 0e+00)
    ok   m_lift has no initial value, g_lift keeps Max's default shortname: 0.000e+00  (tol 0e+00)
  PASS  (0.00s)
test_color_expression_none_omits_the_activedialcolor_entry
    ok   None: no activedialcolor entry; unset: the empty one is still written; a numbox is unaffected: 0.000e+00  (tol 0e+00)
    ok   the rest of that dial's saved block is untouched: 0.000e+00  (tol 0e+00)
    ok   a string still sets it: 0.000e+00  (tol 0e+00)
  PASS  (0.00s)
test_legacy_control_box_sets_and_removes_top_level_properties_of_the_named_control
    ok   g: param_connect removed, hint replaced: 0.000e+00  (tol 0e+00)
    ok   n: a new property is added: 0.000e+00  (tol 0e+00)
    ok   mix_pct is untouched: 0.000e+00  (tol 0e+00)
    ok   and g keeps every other property: 0.000e+00  (tol 0e+00)
    ok   wrong shape: 0.000e+00  (tol 0e+00)
    ok   a param that does not exist: 0.000e+00  (tol 0e+00)
    ok   forbidden property 'id': 0.000e+00  (tol 0e+00)
    ok   forbidden property 'maxclass': 0.000e+00  (tol 0e+00)
    ok   forbidden property 'patching_rect': 0.000e+00  (tol 0e+00)
    ok   forbidden property 'patcher': 0.000e+00  (tol 0e+00)
  PASS  (0.00s)
test_the_band_editor_colour_modules_build_as_they_ship
    ok   f_hue_processor: route tokens: 0.000e+00  (tol 0e+00)
    ok   f_hue_processor: the reject outlet feeds the pix, and the route has that outlet: 0.000e+00  (tol 0e+00)
    ok   f_hue_processor: the old @drawto pix form and the re-created varname: 0.000e+00  (tol 0e+00)
    ok   f_hue_processor: the generated dials (ids below the raw range) are the ones the builder can make exactly: 0.000e+00  (tol 0e+00)
    ok   f_hue_processor: raw boxes obj-901..: 0.000e+00  (tol 0e+00)
    ok   f_hue_processor: no generated dial has an activedialcolor entry (these dials never had one): 0.000e+00  (tol 0e+00)
    ok   f_hue_processor: no bypass-message cord is missing (route outlet 0 reaches the jsui): 0.000e+00  (tol 0e+00)
    ok   f_luma_processor: route tokens: 0.000e+00  (tol 0e+00)
    ok   f_luma_processor: the reject outlet feeds the pix, and the route has that outlet: 0.000e+00  (tol 0e+00)
    ok   f_luma_processor: the old @drawto pix form and the re-created varname: 0.000e+00  (tol 0e+00)
    ok   f_luma_processor: the generated dials (ids below the raw range) are the ones the builder can make exactly: 0.000e+00  (tol 0e+00)
    ok   f_luma_processor: raw boxes obj-901..: 0.000e+00  (tol 0e+00)
    ok   f_luma_processor: no generated dial has an activedialcolor entry (these dials never had one): 0.000e+00  (tol 0e+00)
    ok   f_luma_processor: no bypass-message cord is missing (route outlet 0 reaches the jsui): 0.000e+00  (tol 0e+00)
    ok   f_tone_curve: route tokens: 0.000e+00  (tol 0e+00)
    ok   f_tone_curve: the reject outlet feeds the pix, and the route has that outlet: 0.000e+00  (tol 0e+00)
    ok   f_tone_curve: the old @drawto pix form and the re-created varname: 0.000e+00  (tol 0e+00)
    ok   f_tone_curve: the generated dials (ids below the raw range) are the ones the builder can make exactly: 0.000e+00  (tol 0e+00)
    ok   f_tone_curve: raw boxes obj-901..: 0.000e+00  (tol 0e+00)
    ok   f_tone_curve: no generated dial has an activedialcolor entry (these dials never had one): 0.000e+00  (tol 0e+00)
    ok   f_tone_curve: no bypass-message cord is missing (route outlet 0 reaches the jsui): 0.000e+00  (tol 0e+00)
  PASS  (0.00s)
test_max_float_text_is_max_style
    ok   whole numbers get a trailing dot, not .0: 0.000e+00  (tol 0e+00)
    ok   everything else is its shortest repr: 0.000e+00  (tol 0e+00)
  PASS  (0.00s)
test_range_tier_messages_are_written_max_style_for_unipolar_and_bipolar_tiers
    ok   bipolar tuples: 0.000e+00  (tol 0e+00)
    ok   unipolar floats, whole and fractional: 0.000e+00  (tol 0e+00)
    ok   a fractional bipolar tier: 0.000e+00  (tol 0e+00)
  PASS  (0.00s)
test_legacy_element_box_and_valueof_patch_any_element_by_its_override_key
    ok   varname set (unset by default), mmax and modmode added to the saved valueof: 0.000e+00  (tol 0e+00)
    ok   everything else on that menu is unchanged: 0.000e+00  (tol 0e+00)
    ok   and no other element changed: 0.000e+00  (tol 0e+00)
    ok   None removes a valueof key: 0.000e+00  (tol 0e+00)
    ok   element_box: unknown element: 0.000e+00  (tol 0e+00)
    ok   element_valueof: unknown element: 0.000e+00  (tol 0e+00)
    ok   element_box: wrong shape: 0.000e+00  (tol 0e+00)
    ok   element_valueof: empty dict: 0.000e+00  (tol 0e+00)
    ok   element_valueof: an element with no saved valueof: 0.000e+00  (tol 0e+00)
    ok   element_box: a denied property: 0.000e+00  (tol 0e+00)
  PASS  (0.00s)
test_f_lens_builds_from_its_definition_as_it_ships
    ok   no tilt-shift tokens in the route (it moved to f_focus): 0.000e+00  (tol 0e+00)
    ok   two pix: the primary lens pix and the raw halation pix: 0.000e+00  (tol 0e+00)
    ok   the chain is lens pix -> halation -> outlet (no direct pix -> outlet cord): 0.000e+00  (tol 0e+00)
    ok   the bypass attrui feeds both pix (the 2026-09-23 fix): 0.000e+00  (tol 0e+00)
    ok   the range messages are Max-style: 0.000e+00  (tol 0e+00)
    ok   the panel toggle keeps Max's default enum labels (its visible labels are text / texton): 0.000e+00  (tol 0e+00)
    ok   the range menus carry Max's auto names and item-count mmax: 0.000e+00  (tol 0e+00)
  PASS  (0.00s)

40/40 passed
=== tests/test_build_multistage.py
test_pix_attrs_replaces_type_and_adapt_and_is_loud
    ok   the node text carries the attributes verbatim, after @name: 0.000e+00  (tol 0e+00)
    ok   pix_attrs is loud with pix_type: 0.000e+00  (tol 0e+00)
    ok   pix_attrs is loud with adapt: 0.000e+00  (tol 0e+00)
    ok   pix_attrs is loud empty: 0.000e+00  (tol 0e+00)
    ok   pix_attrs is loud setting @name: 0.000e+00  (tol 0e+00)
  PASS  (0.00s)
test_pix_target_list_adds_an_attrui_per_further_stage
    ok   one extra attrui for the second stage: 0.000e+00  (tol 0e+00)
    ok   the widget feeds the first stage through its own attrui: 0.000e+00  (tol 0e+00)
    ok   and the second stage through the extra attrui, fed by the widget: 0.000e+00  (tol 0e+00)
    ok   param_connect names the FIRST stage: 0.000e+00  (tol 0e+00)
    ok   and a reversed list names the other one first: 0.000e+00  (tol 0e+00)
    ok   the single-id form makes no extra attrui: 0.000e+00  (tol 0e+00)
    ok   a pix_target list is loud on an unknown node: 0.000e+00  (tol 0e+00)
    ok   a pix_target list is loud on a repeat: 0.000e+00  (tol 0e+00)
    ok   a pix_target list is loud on an empty list: 0.000e+00  (tol 0e+00)
  PASS  (0.00s)
test_ui_false_is_a_route_token_and_an_attrui_only
    ok   baseline: tap has a widget and a label: 0.000e+00  (tol 0e+00)
    ok   no widget and no label: 0.000e+00  (tol 0e+00)
    ok   the attrui exists and carries the param's varname: 0.000e+00  (tol 0e+00)
    ok   the route token is still there: 0.000e+00  (tol 0e+00)
    ok   the route outlet feeds the attrui, which feeds its stage: 0.000e+00  (tol 0e+00)
    ok   it is not in the parameters block: 0.000e+00  (tol 0e+00)
    ok   a ui-False param with a list target feeds its extra attrui from the route outlet: 0.000e+00  (tol 0e+00)
    ok   ui is loud when not a bool: 0.000e+00  (tol 0e+00)
    ok   ui False is loud on a menu: 0.000e+00  (tol 0e+00)
  PASS  (0.00s)
test_inlet_fanout_routes_the_texture_and_the_state_to_every_listed_stage
    ok   the state prepend names the Param: 0.000e+00  (tol 0e+00)
    ok   routepass -> vs_inState, and no cord straight into the pix: 0.000e+00  (tol 0e+00)
    ok   vs_inState out 0 -> each stage's cold inlet: 0.000e+00  (tol 0e+00)
    ok   vs_inState out 1 -> prepend -> inlet 0 of each stage: 0.000e+00  (tol 0e+00)
    ok   without `state` there is no prepend box and no state cord: 0.000e+00  (tol 0e+00)
    ok   without the key a processor has no vs_inState and routepass feeds the primary: 0.000e+00  (tol 0e+00)
    ok   inlet_fanout is loud on an unknown key: 0.000e+00  (tol 0e+00)
    ok   inlet_fanout is loud on no texture: 0.000e+00  (tol 0e+00)
    ok   inlet_fanout is loud on an unknown node: 0.000e+00  (tol 0e+00)
    ok   inlet_fanout is loud on a bad pair: 0.000e+00  (tol 0e+00)
    ok   inlet_fanout is loud on a bad Param name: 0.000e+00  (tol 0e+00)
  PASS  (0.00s)
test_draw_triggers_wire_r_draw_to_inlet_0_of_each_stage
    ok   no r draw box by default: 0.000e+00  (tol 0e+00)
    ok   exactly one r draw box: 0.000e+00  (tol 0e+00)
    ok   it feeds inlet 0 of both stages: 0.000e+00  (tol 0e+00)
    ok   a single node id is accepted: 0.000e+00  (tol 0e+00)
    ok   source archetype + a trigger on the primary: one cord, not two: 0.000e+00  (tol 0e+00)
    ok   draw_triggers is loud on an unknown node: 0.000e+00  (tol 0e+00)
    ok   draw_triggers is loud on an empty list: 0.000e+00  (tol 0e+00)
  PASS  (0.00s)
test_bypass_mode_param_drives_a_codebox_param_not_the_native_attribute
    ok   default: the native bypass attrui, wired to the primary: 0.000e+00  (tol 0e+00)
    ok   `prepend param bypass_gate` replaces the attrui: 0.000e+00  (tol 0e+00)
    ok   no native bypass attrui anywhere: 0.000e+00  (tol 0e+00)
    ok   jsui -> prepend -> the primary pix: 0.000e+00  (tol 0e+00)
    ok   and not the support stage: 0.000e+00  (tol 0e+00)
    ok   bypass_target as a list feeds every listed stage: 0.000e+00  (tol 0e+00)
    ok   a single-pix module works the same way: 0.000e+00  (tol 0e+00)
    ok   bypass_param renames the Param: 0.000e+00  (tol 0e+00)
  PASS  (0.00s)
test_bypass_mode_is_loud
    ok   an unknown mode: 0.000e+00  (tol 0e+00)
    ok   bypass_param named bypass: 0.000e+00  (tol 0e+00)
    ok   bypass_param not a name: 0.000e+00  (tol 0e+00)
    ok   bypass_param without param mode: 0.000e+00  (tol 0e+00)
    ok   bypass_target in native mode is allowed (T019: the attrui @bypass fans to those stages): 0.000e+00  (tol 0e+00)
    ok   an unknown native bypass_target is loud: 0.000e+00  (tol 0e+00)
    ok   an unknown bypass_target: 0.000e+00  (tol 0e+00)
    ok   a target whose codebox lacks the Param (the toggle would do nothing): 0.000e+00  (tol 0e+00)
    ok   a single-pix module without the Param is loud too: 0.000e+00  (tol 0e+00)
  PASS  (0.00s)
test_the_new_keys_change_nothing_when_absent
    ok   f_vf_advect still reproduces: 0.000e+00  (tol 0e+00)
    ok   f_vf_glow still reproduces: 0.000e+00  (tol 0e+00)
    ok   f_stipple still reproduces: 0.000e+00  (tol 0e+00)
    ok   f_lens still reproduces: 0.000e+00  (tol 0e+00)
    ok   f_grain still reproduces: 0.000e+00  (tol 0e+00)
  PASS  (0.01s)
test_f_vf_warp_uses_param_bypass_and_reproduces_exactly
    ok   f_vf_warp reproduces: 0.000e+00  (tol 0e+00)
    ok   it has the prepend and no native bypass attrui: 0.000e+00  (tol 0e+00)
  PASS  (0.00s)
test_f_vf_fluid_builds_from_its_definition_with_the_old_scripts_invariants
    ok   no per-module build script is left to be preferred over the definition: 0.000e+00  (tol 0e+00)
    ok   f_vf_fluid reproduces from its definition: 0.000e+00  (tol 0e+00)
    ok   built through the generic path: 0.000e+00  (tol 0e+00)
    ok   eight pix, all #0-scoped and unique: 0.000e+00  (tol 0e+00)
    ok   seven solver stages are @adapt 0 @dim 256 256 float32: 0.000e+00  (tol 0e+00)
    ok   enc follows the render size: 0.000e+00  (tol 0e+00)
    ok   no native bypass attribute anywhere: 0.000e+00  (tol 0e+00)
    ok   the bypass toggle drives enc's Param: 0.000e+00  (tol 0e+00)
    ok   route tokens in definition order, taps last: 0.000e+00  (tol 0e+00)
    ok   taps has no widget and no label, only its attrui: 0.000e+00  (tol 0e+00)
    ok   dt reaches two stages through two attruis: 0.000e+00  (tol 0e+00)
    ok   the force inlet reaches adv and enc cold inlets, and r draw triggers both: 0.000e+00  (tol 0e+00)
    ok   the feedback edge ix -> pass exists: 0.000e+00  (tol 0e+00)
  PASS  (0.00s)
test_fanout_and_extra_attruis_lay_out_without_overlap_or_upward_cords
    ok   no overlaps, shared origins or upward cords: 0.000e+00  (tol 0e+00)
    ok   r draw sits beside vs_inState, not on it: 0.000e+00  (tol 0e+00)
    ok   the extra attrui is in its param's column, below the first attrui: 0.000e+00  (tol 0e+00)
    ok   the extra attrui has a stable override key: 0.000e+00  (tol 0e+00)
  PASS  (0.00s)

11/11 passed
=== tests/test_build_seeds_keys.py
test_gen_code_is_an_inline_codebox_and_is_loud
    ok   the inline string reaches the node's gen codebox: 0.000e+00  (tol 0e+00)
    ok   gen and gen_code together are loud: 0.000e+00  (tol 0e+00)
    ok   gen_code '' is loud: 0.000e+00  (tol 0e+00)
    ok   gen_code '  \n' is loud: 0.000e+00  (tol 0e+00)
    ok   gen_code None is loud: 0.000e+00  (tol 0e+00)
    ok   gen_code 3 is loud: 0.000e+00  (tol 0e+00)
    ok   a gen_code target without the Param is loud: 0.000e+00  (tol 0e+00)
    ok   and builds when it declares it: 0.000e+00  (tol 0e+00)
  PASS  (0.00s)
test_pix_shared_attrui_is_one_attrui_for_every_stage
    ok   baseline: a list makes two attruis: 0.000e+00  (tol 0e+00)
    ok   one attrui: 0.000e+00  (tol 0e+00)
    ok   it reaches both stages: 0.000e+00  (tol 0e+00)
    ok   no obj-700 extra: 0.000e+00  (tol 0e+00)
    ok   param_connect still names the first stage: 0.000e+00  (tol 0e+00)
    ok   pix_shared_attrui is loud with a non-bool: 0.000e+00  (tol 0e+00)
    ok   pix_shared_attrui is loud with a single-stage target: 0.000e+00  (tol 0e+00)
    ok   pix_shared_attrui is loud with a one-element list: 0.000e+00  (tol 0e+00)
    ok   pix_shared_attrui is loud with ui False: 0.000e+00  (tol 0e+00)
    ok   pix_shared_attrui is loud with pix_wire False: 0.000e+00  (tol 0e+00)
    ok   False is the default behaviour (two attruis): 0.000e+00  (tol 0e+00)
  PASS  (0.00s)
test_pix_attr_binds_the_attrui_to_another_attribute
    ok   the attrui's attribute is the pix_attr: 0.000e+00  (tol 0e+00)
    ok   the widget, its varname and the route token keep the param's name: 0.000e+00  (tol 0e+00)
    ok   and the wiring is unchanged: 0.000e+00  (tol 0e+00)
    ok   an extra attrui of a list target is bound to it as well: 0.000e+00  (tol 0e+00)
    ok   pix_attr is loud with an invalid name: 0.000e+00  (tol 0e+00)
    ok   pix_attr is loud with a non-string: 0.000e+00  (tol 0e+00)
    ok   pix_attr is loud with the param's own name: 0.000e+00  (tol 0e+00)
    ok   pix_attr is loud with pix_wire False: 0.000e+00  (tol 0e+00)
  PASS  (0.00s)
test_range_menu_outlet_picks_the_menu_outlet_that_feeds_sel
    ok   default: menu outlet 0 -> sel: 0.000e+00  (tol 0e+00)
    ok   range_menu_outlet 2: outlet 2 -> sel, and not outlet 0: 0.000e+00  (tol 0e+00)
    ok   range_menu_outlet is loud on 3: 0.000e+00  (tol 0e+00)
    ok   range_menu_outlet is loud on a bool: 0.000e+00  (tol 0e+00)
    ok   range_menu_outlet is loud on a string: 0.000e+00  (tol 0e+00)
    ok   and without range_tiers: 0.000e+00  (tol 0e+00)
  PASS  (0.00s)
test_native_bypass_target_fans_the_attrui_to_every_listed_stage
    ok   default: the primary only: 0.000e+00  (tol 0e+00)
    ok   still the native attrui @bypass (no prepend): 0.000e+00  (tol 0e+00)
    ok   wired to the primary AND the support stage: 0.000e+00  (tol 0e+00)
    ok   a single named stage replaces the primary: 0.000e+00  (tol 0e+00)
    ok   bypass_param is still loud in native mode: 0.000e+00  (tol 0e+00)
  PASS  (0.00s)
test_outlet_source_feeds_an_outlet_from_a_named_stage
    ok   outlet 1 comes from the named stage: 0.000e+00  (tol 0e+00)
    ok   outlet 0 is still the primary's: 0.000e+00  (tol 0e+00)
    ok   default: the primary feeds every outlet: 0.000e+00  (tol 0e+00)
    ok   outlet_source is loud with a missing outlet: 0.000e+00  (tol 0e+00)
    ok   outlet_source is loud with a non-dict: 0.000e+00  (tol 0e+00)
    ok   outlet_source is loud with a bad pair: 0.000e+00  (tol 0e+00)
    ok   outlet_source is loud with a stage outlet it lacks: 0.000e+00  (tol 0e+00)
    ok   outlet_source is loud with an unknown node: 0.000e+00  (tol 0e+00)
    ok   outlet_source is loud with a clash with outlet_source_override: 0.000e+00  (tol 0e+00)
  PASS  (0.00s)
test_mod_inlet_fanout_and_state_nodes_choose_the_stages
    ok   default: vs_inState -> the primary's inlet 1, and the prepend -> the primary's inlet 0: 0.000e+00  (tol 0e+00)
    ok   fanout: vs_inState reaches each listed (stage, inlet): 0.000e+00  (tol 0e+00)
    ok   state_nodes: the prepend reaches each listed stage's inlet 0: 0.000e+00  (tol 0e+00)
    ok   a fanout REPLACES the default feed (the primary gets nothing): 0.000e+00  (tol 0e+00)
    ok   state_nodes [] builds the prepend and leaves it unconnected: 0.000e+00  (tol 0e+00)
    ok   fanout alone keeps the default state target: 0.000e+00  (tol 0e+00)
    ok   without vs_inState the inlet feeds the primary directly, as before: 0.000e+00  (tol 0e+00)
    ok   and a fanout redirects that direct feed too: 0.000e+00  (tol 0e+00)
    ok   mod_inlets is loud with an empty fanout: 0.000e+00  (tol 0e+00)
    ok   mod_inlets is loud with a bad pair: 0.000e+00  (tol 0e+00)
    ok   mod_inlets is loud with a negative inlet: 0.000e+00  (tol 0e+00)
    ok   mod_inlets is loud with an unknown node: 0.000e+00  (tol 0e+00)
    ok   mod_inlets is loud with a non-list state_nodes: 0.000e+00  (tol 0e+00)
    ok   mod_inlets is loud with a repeated state node: 0.000e+00  (tol 0e+00)
    ok   mod_inlets is loud with an unknown state node: 0.000e+00  (tol 0e+00)
    ok   mod_inlets is loud with an unknown key: 0.000e+00  (tol 0e+00)
    ok   state_nodes without a state_param is loud: 0.000e+00  (tol 0e+00)
  PASS  (0.01s)
test_support_stage_ids_move_clear_of_the_param_ids_and_duplicates_are_loud
    ok   below ten widgets the base is 50 (every existing module's ids unchanged): 0.000e+00  (tol 0e+00)
    ok   from ten up it clears the dials, labels and the bypass pair: 0.000e+00  (tol 0e+00)
    ok   14 widgets and a support stage build with unique ids (the support stage is clear of them): 0.000e+00  (tol 0e+00)
    ok   a duplicate box id fails the build, naming the id: 0.000e+00  (tol 0e+00)
  PASS  (0.00s)
test_f_vf_seeds_builds_from_its_definition
    ok   f_vf_seeds reproduces exactly from src/f_vf_seeds/definition.py: 0.000e+00  (tol 0e+00)
  PASS  (0.00s)

9/9 passed
=== tests/test_capture_raw.py
test_only_the_boxes_the_builder_does_not_make_become_raw_boxes
    ok   the four hand-made boxes, ids obj-901.. in shipped order: 0.000e+00  (tol 0e+00)
    ok   what they are (the two identical `r draw` are both raw): 0.000e+00  (tol 0e+00)
    ok   obj-901 is copied verbatim apart from its id: 0.000e+00  (tol 0e+00)
    ok   obj-902 is copied verbatim apart from its id: 0.000e+00  (tol 0e+00)
    ok   obj-903 is copied verbatim apart from its id: 0.000e+00  (tol 0e+00)
    ok   obj-904 is copied verbatim apart from its id: 0.000e+00  (tol 0e+00)
  PASS  (0.00s)
test_cords_with_a_raw_end_are_translated_and_the_rest_are_not_captured
    ok   the generic end is the BUILT id, the raw end the new id; nothing else: 0.000e+00  (tol 0e+00)
    ok   shipped `parameters` entries of raw boxes move to the new id: 0.000e+00  (tol 0e+00)
  PASS  (0.00s)
test_the_captured_definition_reproduces_the_shipped_patcher_and_a_rerun_changes_nothing
    ok   before capture the hand-made boxes are drift: 0.000e+00  (tol 0e+00)
tmp07y0pj0_: 4 raw boxes, 4 raw lines, 1 raw parameters
   obj-901 newobj expr pow(1.0 - $f1\, 2.0)
   obj-902 newobj r draw
   obj-903 newobj r draw
   obj-904 live.numbox extra
wrote /private/tmp/tmp07y0pj0_/raw_ui.json
    ok   main writes the file: 0.000e+00  (tol 0e+00)
    ok   after capture, rebuilding from the definition reproduces the patcher exactly: 0.000e+00  (tol 0e+00)
tmp07y0pj0_: 4 raw boxes, 4 raw lines, 1 raw parameters
   obj-901 newobj expr pow(1.0 - $f1\, 2.0)
   obj-902 newobj r draw
   obj-903 newobj r draw
   obj-904 live.numbox extra
raw_ui.json: unchanged
    ok   a second run is byte-identical (the build ignores the existing raw_* keys): 0.000e+00  (tol 0e+00)
tmp07y0pj0_: 4 raw boxes, 4 raw lines, 1 raw parameters
   obj-901 newobj expr pow(1.0 - $f1\, 2.0)
   obj-902 newobj r draw
   obj-903 newobj r draw
   obj-904 live.numbox extra
(dry run: nothing written)
    ok   --dry-run writes nothing (the file stays absent): 0.000e+00  (tol 0e+00)
  PASS  (0.01s)
test_generic_boxes_with_the_same_identity_on_both_sides_are_paired_not_made_raw
    ok   the scene really has two identical generic labels: 0.000e+00  (tol 0e+00)
    ok   only the hand-made box is raw (the two labels are not): 0.000e+00  (tol 0e+00)
    ok   and the rebuilt definition then reproduces the patcher: 0.000e+00  (tol 0e+00)
  PASS  (0.00s)
test_raw_ids_must_not_collide_with_generated_ids
    ok   a colliding raw id range is refused: 0.000e+00  (tol 0e+00)
  PASS  (0.00s)
test_f_grain_raw_ui_json_is_what_the_tool_derives_from_the_shipped_patcher
    ok   the committed raw_ui.json is in sync with the shipped patch: 0.000e+00  (tol 0e+00)
  PASS  (0.00s)
test_label_none_skips_the_label_box_and_nothing_else
    ok   default: both labels: 0.000e+00  (tol 0e+00)
    ok   label None: that label only is gone: 0.000e+00  (tol 0e+00)
    ok   the only box that disappears is the label: 0.000e+00  (tol 0e+00)
    ok   a param with no label key still gets its default label (its name, title-cased): 0.000e+00  (tol 0e+00)
  PASS  (0.00s)
test_pix_context_picks_the_object_text_form
    ok   default: 0.000e+00  (tol 0e+00)
    ok   arg is the default: 0.000e+00  (tol 0e+00)
    ok   drawto: 0.000e+00  (tol 0e+00)
    ok   drawto with adapt: 0.000e+00  (tol 0e+00)
    ok   an unknown pix_context: 0.000e+00  (tol 0e+00)
    ok   a pix_chain follows it too: 0.000e+00  (tol 0e+00)
  PASS  (0.00s)

8/8 passed
=== tests/test_drift.py
test_every_shipped_patcher_matches_its_definition_or_its_baseline
    known f_a_ripple: out_of_scope 
    known f_chladni_audio: out_of_scope 
    known f_masonry: drift {'boxes_def_only': 24, 'boxes_patch_only': 61, 'boxes_renamed': 1, 'code': 1, 'layout': 17, 'lines_def_only': 3, 'lines_patch_only': 3, 'props': 24}
    known f_modules: out_of_scope 
    known f_texrouter: drift {'boxes_def_only': 6, 'boxes_patch_only': 96, 'boxes_renamed': 2, 'layout': 1, 'pix_io': 1, 'props': 3}
    known f_util_matrix_2: out_of_scope 
    known f_util_profile: out_of_scope 
    known f_vf_vorticity: drift {'props': 3}
    (31 reproduce exactly, 8 in the baseline)
    ok   modules out of line with the baseline: 0.000e+00  (tol 0e+00)
  PASS  (0.07s)
test_problems_rules
    ok   clean module, no baseline: fine: 0.000e+00  (tol 0e+00)
    ok   drifted module, no baseline: flagged: 0.000e+00  (tol 0e+00)
    ok   no_definition, no baseline: flagged: 0.000e+00  (tol 0e+00)
    ok   same drift as baseline: fine: 0.000e+00  (tol 0e+00)
    ok   drift grew: flagged: 0.000e+00  (tol 0e+00)
    ok   a new drift category: flagged: 0.000e+00  (tol 0e+00)
    ok   drift shrank without lowering the baseline: flagged: 0.000e+00  (tol 0e+00)
    ok   baselined module now exact: flagged (remove it): 0.000e+00  (tol 0e+00)
    ok   status changed: flagged: 0.000e+00  (tol 0e+00)
  PASS  (0.00s)
test_out_of_scope_exemption_rules
    ok   exempt and still without a definition: fine: 0.000e+00  (tol 0e+00)
    ok   exempt but the module gained a definition: flagged: 0.000e+00  (tol 0e+00)
    ok   exempt but the module now reproduces exactly: flagged: 0.000e+00  (tol 0e+00)
    ok   exempt with no reason: flagged: 0.000e+00  (tol 0e+00)
    ok   exempt with a blank reason: flagged: 0.000e+00  (tol 0e+00)
    ok   an unexempted module without a definition is still flagged: 0.000e+00  (tol 0e+00)
  PASS  (0.00s)
test_compare_identity_ignores_ids_and_edit_view_layout
    ok   same boxes, other ids and patching_rect: no drift: 0.000e+00  (tol 0e+00)
  PASS  (0.00s)
test_compare_box_counts_props_and_layout_register
    ok   box only in the shipped patch: 0.000e+00  (tol 0e+00)
    ok   box only in the definition build: 0.000e+00  (tol 0e+00)
    ok   a dial's range changed in Max is drift: 0.000e+00  (tol 0e+00)
    ok   a hint changed in Max is drift: 0.000e+00  (tol 0e+00)
    ok   a moved dial is layout drift and nothing else: 0.000e+00  (tol 0e+00)
    ok   a sub-tolerance rect wobble is not drift: 0.000e+00  (tol 0e+00)
    ok   a rect that is not on the presentation panel is not layout drift: 0.000e+00  (tol 0e+00)
  PASS  (0.00s)
test_compare_max_normalisation_is_not_drift_but_real_edits_are
    ok   Max-derived ports and saved state are not drift: 0.000e+00  (tol 0e+00)
    ok   a changed route argument list IS drift (one renamed box, not two): 0.000e+00  (tol 0e+00)
    ok   attrui style ''/missing and parameter_enable 0/missing are the same: 0.000e+00  (tol 0e+00)
    ok   attrui with a real style is drift: 0.000e+00  (tol 0e+00)
  PASS  (0.00s)
test_compare_pix_io_and_code
    ok   pix port count change: 0.000e+00  (tol 0e+00)
    ok   pix codebox edited: 0.000e+00  (tol 0e+00)
    ok   pix with a different @name is one renamed box; its ports and code still compare: 0.000e+00  (tol 0e+00)
    ok   a renamed pix with different ports and code registers both: 0.000e+00  (tol 0e+00)
  PASS  (0.00s)
test_compare_cords_between_matched_boxes
    ok   cord only in the shipped patch: 0.000e+00  (tol 0e+00)
    ok   cord only in the definition build: 0.000e+00  (tol 0e+00)
    ok   same cord, other ids: 0.000e+00  (tol 0e+00)
    ok   cords on non-unique boxes are not compared: 0.000e+00  (tol 0e+00)
  PASS  (0.00s)
test_compare_renamed_label_is_paired_and_reported_once
    ok   an edited label is one renamed box, not a def-only plus a patch-only: 0.000e+00  (tol 0e+00)
    ok   the example reads definition -> patch: 0.000e+00  (tol 0e+00)
    ok   the same label, other id: nothing: 0.000e+00  (tol 0e+00)
  PASS  (0.00s)
test_compare_pairing_is_conservative
    ok   a label that moved far is not paired: 0.000e+00  (tol 0e+00)
    ok   a different maxclass at the same rect is not paired: 0.000e+00  (tol 0e+00)
    ok   two candidates for one box: nothing is paired: 0.000e+00  (tol 0e+00)
    ok   boxes not on the presentation panel are not paired by position: 0.000e+00  (tol 0e+00)
  PASS  (0.00s)
test_compare_a_renamed_box_is_still_compared_for_everything_but_its_identity
    ok   a rename plus a colour change is a rename plus a prop: 0.000e+00  (tol 0e+00)
    ok   a rename plus a small move (inside the pairing tolerance) is a rename plus layout: 0.000e+00  (tol 0e+00)
  PASS  (0.00s)
test_compare_cords_follow_a_renamed_box
    ok   a cord to a renamed box is the same cord: 0.000e+00  (tol 0e+00)
    ok   a cord missing on the patch side still registers: 0.000e+00  (tol 0e+00)
  PASS  (0.00s)
test_max_rewrites_are_not_drift
    ok   inlet and outlet `index` (Max resets every one to 0) is not drift: 0.000e+00  (tol 0e+00)
    ok   a dial's parameter_mmin 0.0 dropped by Max is not drift: 0.000e+00  (tol 0e+00)
    ok   a dial's mmin 0.5 against no mmin IS drift: 0.000e+00  (tol 0e+00)
    ok   a dial's mmax 127.0 (its default) dropped by Max is not drift: 0.000e+00  (tol 0e+00)
    ok   a dial's mmax 100.0 against no mmax IS drift (only the default is dropped): 0.000e+00  (tol 0e+00)
    ok   a numbox's mmin 0.0 dropped by Max is not drift: 0.000e+00  (tol 0e+00)
    ok   a numbox's mmax 127.0 is NOT a dropped default (only a dial's is): IS drift: 0.000e+00  (tol 0e+00)
    ok   a float numbox written Int (unitstyle 0) that Max saves as Float (1) is not drift: 0.000e+00  (tol 0e+00)
    ok   ...in either direction: 0.000e+00  (tol 0e+00)
    ok   a numbox with another unitstyle IS drift: 0.000e+00  (tol 0e+00)
    ok   an integer-type numbox's unitstyle is not rewritten: IS drift: 0.000e+00  (tol 0e+00)
    ok   autopattr restore_extra (Max save state) is not drift: 0.000e+00  (tol 0e+00)
    ok   a live.text fontsize 9.5 dropped by Max is not drift: 0.000e+00  (tol 0e+00)
    ok   a live.text fontsize 12 against none IS drift: 0.000e+00  (tol 0e+00)
  PASS  (0.00s)
test_comment_size_is_fitted_by_max_but_position_is_structure
    ok   a comment re-fitted to its text (width and height) is not drift: 0.000e+00  (tol 0e+00)
    ok   a comment that moved IS layout drift: 0.000e+00  (tol 0e+00)
    ok   a dial's size is still layout (only comments are fitted): 0.000e+00  (tol 0e+00)
  PASS  (0.00s)
test_what_max_preserves_stays_drift
    ok   autopattr varname (built x_autopattr, shipped u905020188) IS drift: 0.000e+00  (tol 0e+00)
    ok   a dial's param_connect IS drift: 0.000e+00  (tol 0e+00)
    ok   a comment's varname (built lbl_zoom, shipped none) IS drift: 0.000e+00  (tol 0e+00)
  PASS  (0.00s)
test_build_is_pure_and_returns_side_files
    ok   build() leaves the shipped toggle JS untouched: 0.000e+00  (tol 0e+00)
    ok   build(side_files=...) hands the JS back instead: 0.000e+00  (tol 0e+00)
  PASS  (0.00s)

16/16 passed
=== tests/test_fft_separable.py
test_sim_sampling_sanity
    ok   nearest @ texel centers: 0.000e+00  (tol 0e+00)
    ok   sample @ texel centers: 0.000e+00  (tol 1e-06)
    ok   bilinear midpoint: 0.000e+00  (tol 1e-06)
    ok   wrap to last column: 0.000e+00  (tol 0e+00)
  PASS  (0.01s)
test_T1_row_dft_matches_numpy
    ok   N=128 u vs np.fft.fft rows: 4.830e-07  (tol 1e-04)
    ok   N=128 v vs np.fft.fft rows: 4.580e-07  (tol 1e-04)
    ok   N=256 u vs np.fft.fft rows: 6.559e-07  (tol 1e-04)
    ok   N=256 v vs np.fft.fft rows: 7.133e-07  (tol 1e-04)
  PASS  (0.62s)
test_2d_forward_matches_fft2
    ok   N=128 2D forward vs np.fft.fft2: 3.807e-07  (tol 1e-04)
    ok   N=256 2D forward vs np.fft.fft2: 6.886e-08  (tol 1e-04)
  PASS  (1.19s)
test_T2_roundtrip_null
    ok   N=128 round-trip |u' - u|: 4.172e-06  (tol 1e-04)
    ok   N=128 round-trip |v' - v|: 4.232e-06  (tol 1e-04)
    ok   N=128 round-trip residual imag: 5.402e-07  (tol 1e-04)
    ok   N=256 round-trip |u' - u|: 8.643e-06  (tol 1e-04)
    ok   N=256 round-trip |v' - v|: 8.583e-06  (tol 1e-04)
    ok   N=256 round-trip residual imag: 5.863e-07  (tol 1e-04)
  PASS  (2.36s)
test_T3_diffusion_single_mode
    ok   N=128 u decay (expect x0.500): 5.662e-07  (tol 1e-04)
    ok   N=128 v decay (expect x0.146): 2.143e-07  (tol 1e-04)
    ok   N=256 u decay (expect x0.500): 1.490e-06  (tol 1e-04)
    ok   N=256 v decay (expect x0.146): 5.363e-07  (tol 1e-04)
  PASS  (2.37s)
test_T3_lowpass_separates_modes
    ok   N=128 low mode kept x0.729, high mode gone: 2.005e-06  (tol 1e-04)
    ok   N=256 low mode kept x0.729, high mode gone: 2.721e-06  (tol 1e-04)
  PASS  (2.36s)
test_projection_removes_gradient_keeps_curl
    ok   N=128 projected u == curl u (rel): 8.391e-07  (tol 1e-04)
    ok   N=128 projected v == curl v (rel): 5.816e-07  (tol 1e-04)
    ok   N=256 projected u == curl u (rel): 1.292e-06  (tol 1e-04)
    ok   N=256 projected v == curl v (rel): 6.222e-07  (tol 1e-04)
  PASS  (2.35s)
test_projection_random_field_divergence_free
    ok   N=128 spectral divergence after projection (rel): 1.198e-07  (tol 1e-04)
    ok   N=256 spectral divergence after projection (rel): 6.732e-08  (tol 1e-04)
  PASS  (1.19s)
test_angle_reduction_precision
    ...  N=256 naive angle rel err: 7.823e-06
    ok   N=256 reduced angle rel err: 6.757e-07  (tol 1e-04)
  PASS  (0.94s)

9/9 passed
=== tests/test_fluid_mirror.py
