test_T017_adv_matches_mirror
    ok   adv force 256 (1:1): max err vs mirror: 1.177e-06  (tol 1e-04)
    ok   adv force 128 (magnified 2x): max err vs mirror: 1.609e-06  (tol 1e-03)
    ok   adv: vs_black with src=1 (lagging connected flag) adds nothing: 6.557e-07  (tol 1e-05)
    ok   adv src_vecfield=0: equals the force-free mirror: 6.557e-07  (tol 1e-05)
    ok   adv periodic seam: exact wrapped gather: 0.000e+00  (tol 1e-06)
    ...  adv force 512 (MINIFIED 2x): max err vs bilinear mirror (nearest-like, informational): 9.497e-02
  PASS  (0.74s)
test_T038a_force_taps_on_gpu_hd
    ...  1920x1080 force, taps= 1: noise gain vs ideal area average  5.97
    ...  1920x1080 force, taps= 4: noise gain vs ideal area average  1.49
    ...  1920x1080 force, taps= 8: noise gain vs ideal area average  1.01
    ...  1920x1080 force, taps=16: noise gain vs ideal area average  1.02
    ok   taps=16 noise gain within 20% of ideal: 2.390e-02  (tol 2e-01)
    ...  HD taps=16: max |GPU - bilinear mirror| (informational): 9.698e-02
  PASS  (0.90s)
test_T038a_taps_1_is_the_old_behaviour
    ok   adv taps=1 vs mirror at 1:1: 6.482e-07  (tol 1e-04)
  PASS  (0.14s)

3/3 passed
