test_T038a_force_taps_on_gpu_4k
    ...  3840x2160 force, taps= 1: noise gain vs ideal area average 11.61
    ...  3840x2160 force, taps= 4: noise gain vs ideal area average  2.88
    ...  3840x2160 force, taps= 8: noise gain vs ideal area average  1.44
    ...  3840x2160 force, taps=16: noise gain vs ideal area average  1.05
    ok   taps=16 noise gain within 20% of ideal: 4.615e-02  (tol 2e-01)
  PASS  (1.55s)
test_T021_cost_per_stage
    ...  adv taps= 1 at a 1920x1080 force:   0.083 ms/pass  (chain 32, UPPER BOUND, not resolved)
    ...  adv taps=16 at a 1920x1080 force:   1.745 ms/pass  (chain 8, GPU bound)
    ...  adv     1.611 ms/pass  (chain 8, GPU bound)
    ...  fx      0.646 ms/pass  (chain 8, GPU bound)
    ...  fy      0.619 ms/pass  (chain 8, GPU bound)
    ...  spec    0.095 ms/pass  (chain 32, UPPER BOUND, not resolved)
    ...  iy      0.622 ms/pass  (chain 8, GPU bound)
    ...  ix      0.629 ms/pass  (chain 8, GPU bound)
    ...  enc     0.132 ms/pass  (chain 32, UPPER BOUND, not resolved)
    BAD  sum of stage costs (ms/frame) vs the 3 ms budget: 4.353e+00  (tol 3e+00)
  FAIL  sum of stage costs (ms/frame) vs the 3 ms budget: 4.353e+00 > 3e+00

1/2 passed
