test_live_module_contracts
    f_caustic              outs=[1, 2] pix=1
    f_channel_grader       outs=[1] pix=1
    f_chladni              outs=[1, 2, 3] pix=1
    f_droste               outs=[1] pix=1
    f_grain                outs=[1, 2, 3] pix=1
    f_hue_processor        outs=[1] pix=1
    f_lens                 outs=[1] pix=2
    f_luma_processor       outs=[1] pix=1
    f_masonry              outs=[1, 2] pix=1
    f_mobius               outs=[1] pix=1
    f_ngon                 outs=[1] pix=1
    f_sirds                outs=[1] pix=13
    f_stereo               outs=[1] pix=1
    f_stipple              outs=[1, 2, 3] pix=1
    f_tone_curve           outs=[1] pix=1
    f_vf_advect            outs=[1, 2, 3] pix=2 bypass-leaves-active=1 (by design)
    f_vf_chroma            outs=[1, 2] pix=1
    f_vf_fieldmap          outs=[1] pix=1
    f_vf_flow              outs=[1] pix=1
    f_vf_fluid             outs=[1] pix=8 bypass-leaves-active=8 (by design)
    f_vf_glow              outs=[1, 2] pix=1
    f_vf_optical_flow      outs=[1, 2] pix=8 bypass-leaves-active=5 (by design)
    f_vf_potential         outs=[1] pix=2 bypass-leaves-active=1
    f_vf_prism             outs=[1, 2, 3] pix=1
    f_vf_repulse           outs=[1] pix=1
    f_vf_seeds             outs=[1, 2, 3] pix=6 bypass-leaves-active=4 (by design)
    f_vf_split             outs=[1, 2] pix=1
    f_vf_streak            outs=[1, 2] pix=1
    f_vf_vortex            outs=[1] pix=1
    f_vf_vortex_multi      outs=[1] pix=1
    f_vf_vorticity         outs=[1] pix=1
    f_vf_warp              outs=[1, 2] pix=1 bypass-leaves-active=1
    f_weave                outs=[1] pix=1
    (33 modules)
    documented `bypass 1` control message works in 9, not in 24: ['f_caustic', 'f_chladni', 'f_lens', 'f_ngon', 'f_sirds', 'f_stipple', 'f_vf_advect', 'f_vf_chroma', 'f_vf_fieldmap', 'f_vf_flow', 'f_vf_fluid', 'f_vf_glow', 'f_vf_optical_flow', 'f_vf_potential', 'f_vf_prism', 'f_vf_repulse', 'f_vf_seeds', 'f_vf_split', 'f_vf_streak', 'f_vf_vortex', 'f_vf_vortex_multi', 'f_vf_vorticity', 'f_vf_warp', 'f_weave']
    ok   unexpected live contract issues: 0.000e+00  (tol 0e+00)
  PASS  (82.20s)
test_known_live_issues_still_present
    ok   known issues that now pass (remove them): 0.000e+00  (tol 0e+00)
  PASS  (0.00s)

2/2 passed
