d* = 0.0592; max |eigenvalue| of the field's slope = 17.6; crop (80, 176) of 256, S = 2
reads/px = texture reads per OUTPUT pixel (5 per Newton step: field + 4 for slopes; 1 per coarse point)

 d/d* evaluator starts                      T |      r   IoU   mean roots  used  reads/px
------------------------------------------------------------------------------------------------
  1.0 analytic  grid K=36                   8 |  1.000 0.988  0.971  1.00  36.0      5760   (1s)
  1.0 texture   grid K=16                   8 |  1.000 0.988  0.971  1.00  16.0      2560   (3s)
  1.0 texture   grid K=36                   8 |  1.000 0.988  0.971  1.00  36.0      5760   (6s)
  1.0 texture   coarse G=6 tau=1.0 M=8      6 |  1.000 0.988  0.971  1.00   7.8      1085   (1s)
  1.0 texture   coarse G=6 tau=1.5 M=8      6 |  1.000 0.988  0.971  1.00   8.0      1104   (1s)
  1.0 texture   coarse G=6 tau=1.5 M=8      4 |  0.999 0.988  0.970  1.00   8.0       784   (1s)
  1.0 texture   coarse G=9 tau=1.5 M=8      4 |  1.000 0.988  0.971  1.00   8.0       964   (1s)
------------------------------------------------------------------------------------------------
  2.0 analytic  grid K=36                   8 |  0.945 0.883  0.925  1.11  36.0      5760   (1s)
  2.0 texture   grid K=16                   8 |  0.965 0.873  0.896  1.11  16.0      2560   (3s)
  2.0 texture   grid K=36                   8 |  0.947 0.880  0.924  1.11  36.0      5760   (6s)
  2.0 texture   coarse G=6 tau=1.0 M=8      6 |  0.963 0.847  0.866  1.11   8.0      1104   (1s)
  2.0 texture   coarse G=6 tau=1.5 M=8      6 |  0.963 0.847  0.866  1.11   8.0      1104   (1s)
  2.0 texture   coarse G=6 tau=1.5 M=8      4 |  0.911 0.820  0.814  1.10   8.0       784   (1s)
  2.0 texture   coarse G=9 tau=1.5 M=8      4 |  0.935 0.829  0.832  1.10   8.0       964   (1s)
------------------------------------------------------------------------------------------------
  3.5 analytic  grid K=36                   8 |  0.957 0.852  0.869  1.64  36.0      5760   (1s)
  3.5 texture   grid K=16                   8 |  0.964 0.831  0.858  1.64  16.0      2560   (3s)
  3.5 texture   grid K=36                   8 |  0.961 0.852  0.869  1.64  36.0      5760   (6s)
  3.5 texture   coarse G=6 tau=1.0 M=8      6 |  0.948 0.822  0.839  1.63   8.0      1104   (1s)
  3.5 texture   coarse G=6 tau=1.5 M=8      6 |  0.948 0.822  0.839  1.63   8.0      1104   (1s)
  3.5 texture   coarse G=6 tau=1.5 M=8      4 |  0.882 0.647  0.771  1.60   8.0       784   (1s)
  3.5 texture   coarse G=9 tau=1.5 M=8      4 |  0.906 0.720  0.795  1.61   8.0       964   (1s)
------------------------------------------------------------------------------------------------
