test glass seed 7: d* = 0.0592; truth is photon counting, periodic, mean 1
scatter (GPU, measured earlier) for reference: r 0.999 / 0.999 / 0.994 at 0.6 / 1.0 / 3.5 d*

 d/d*   K  S | r vs truth    IoU mean illum roots/px |   time
----------------------------------------------------------------
  1.0   1  2 |     0.8444  0.957     0.9818     1.00 |     0s
  1.0   4  2 |     0.8916  0.984     0.9867     1.00 |     1s
  1.0   9  2 |     0.9535  0.988     0.9925     1.00 |     1s
  1.0  16  2 |     0.9840  0.988     0.9970     1.00 |     2s
  1.0  36  2 |     0.9917  0.988     0.9999     1.00 |     5s
  1.0  16  1 |     0.9390  0.986     0.9981     1.00 |     1s
----------------------------------------------------------------
  2.0   1  2 |     0.7651  0.614     0.6179     0.85 |     0s
  2.0   4  2 |     0.8549  0.761     0.8265     1.08 |     1s
  2.0   9  2 |     0.9232  0.861     0.9020     1.10 |     1s
  2.0  16  2 |     0.9419  0.889     0.9322     1.10 |     2s
  2.0  36  2 |     0.9517  0.936     0.9697     1.11 |     6s
  2.0  16  1 |     0.8545  0.742     0.9319     1.11 |     1s
----------------------------------------------------------------
  3.5   1  2 |     0.7192  0.394     0.4251     0.82 |     0s
  3.5   4  2 |     0.7104  0.346     0.4736     1.06 |     1s
  3.5   9  2 |     0.8992  0.543     0.8300     1.60 |     1s
  3.5  16  2 |     0.9257  0.648     0.9026     1.66 |     3s
  3.5  36  2 |     0.9442  0.763     0.9494     1.68 |     6s
  3.5  16  1 |     0.8466  0.629     0.9023     1.66 |     1s
----------------------------------------------------------------
