
== S0 / S0b: identity and orientation ==
  [S0/S0b] status=ok frames=133 elapsed=6610 ms errors=0
  base capture: shape (256, 256, 4), mean RGB [0.496 0.496 0.248], max 0.992
  S0 identity (d=0, n=256, weight=1): relative error vs NumPy emulation, per (up_flip, out_flip):
     up=0 out=0  rel_err = 0.0000
     up=0 out=1  rel_err = 0.6000
     up=1 out=0  rel_err = 0.6000
     up=1 out=1  rel_err = 0.0000
  S0b shift (d=0.25, F=(0.3,0.5), n=256):
     up=0 out=0  rel_err = 0.5915
     up=0 out=1  rel_err = 0.5977
     up=1 out=0  rel_err = 0.5283
     up=1 out=1  rel_err = 0.0025
  best = up_flip 1, out_flip 1 (error 0.0025 vs runner-up 0.5283: distinct)

== S3a: cost (ms per frame from the slope between two job lengths; cap ~16.7) ==
  -- glass 3.5d*
     n=   64 ( 0.00 M points) capture  256^2:  16.66 ms/frame  (at the 60 fps cap)   errors 0
     n= 1024 ( 1.05 M points) capture  256^2:  16.75 ms/frame  (at the 60 fps cap)   errors 0
     n= 2048 ( 4.19 M points) capture  256^2:  19.35 ms/frame  <-- over budget   errors 0
     n= 1024 ( 1.05 M points) capture 1024^2:  16.62 ms/frame  (at the 60 fps cap)   errors 0
     n= 2048 ( 4.19 M points) capture 1024^2:  16.64 ms/frame  (at the 60 fps cap)   errors 0
     n= 2560 ( 6.55 M points) capture 1024^2:  16.64 ms/frame  (at the 60 fps cap)   errors 0
  -- worst: all points on one pixel
     n=   64 ( 0.00 M points) capture  256^2:  16.75 ms/frame  (at the 60 fps cap)   errors 0
     n= 1024 ( 1.05 M points) capture  256^2:  91.63 ms/frame  <-- over budget   errors 0
     n= 2048 ( 4.19 M points) capture  256^2: 372.51 ms/frame  <-- over budget   errors 1
     n= 1024 ( 1.05 M points) capture 1024^2:  89.15 ms/frame  <-- over budget   errors 0
     n= 2048 ( 4.19 M points) capture 1024^2: 361.33 ms/frame  <-- over budget   errors 0
     n= 2560 ( 6.55 M points) capture 1024^2: 542.37 ms/frame  <-- over budget   errors 1
