
== S0 / S0b: identity and orientation ==
  [S0/S0b] status=ok frames=133 elapsed=2239 ms errors=0
  base capture: shape (256, 256, 4), mean RGB [0.496 0.496 0.248], max 0.992
  S0 identity (d=0, n=256, weight=1): relative error vs NumPy emulation, per (up_flip, out_flip):
     up=0 out=0  rel_err = 0.0000
     up=0 out=1  rel_err = 0.6000
     up=1 out=0  rel_err = 0.6000
     up=1 out=1  rel_err = 0.0000
  S0b shift (d=0.25, F=(0.3,0.5), n=256):
     up=0 out=0  rel_err = 0.5915
     up=0 out=1  rel_err = 0.5977
     up=1 out=0  rel_err = 0.5283
     up=1 out=1  rel_err = 0.0025
  best = up_flip 1, out_flip 1 (error 0.0025 vs runner-up 0.5283: distinct)

== S5: corner-snap + size 2 vs size 3 (identical image expected) ==
  [size3] status=ok frames=137 elapsed=2456 ms errors=0
  [snap+size2] status=ok frames=137 elapsed=2455 ms errors=0
  [size2 no snap] status=ok frames=137 elapsed=2409 ms errors=0
  [snap+size3] status=ok frames=137 elapsed=2430 ms errors=0
  size3          sum    60022.7 (size3 60022.7, ratio 1.0000)  max|diff|    0.0000 (interior    0.0000)  L1 diff / sum 0.00000  peak 18.59 vs 18.59
  snap+size2     sum    60022.7 (size3 60022.7, ratio 1.0000)  max|diff|    0.0000 (interior    0.0000)  L1 diff / sum 0.00000  peak 18.59 vs 18.59
  size2 no snap  sum    58517.9 (size3 60022.7, ratio 0.9749)  max|diff|    0.4381 (interior    0.4381)  L1 diff / sum 0.02507  peak 18.27 vs 18.59
  snap+size3     sum    60022.7 (size3 60022.7, ratio 1.0000)  max|diff|    0.0000 (interior    0.0000)  L1 diff / sum 0.00000  peak 18.59 vs 18.59
