
== S0 / S0b: identity and orientation ==
  [S0/S0b] status=ok frames=133 elapsed=6579 ms errors=0
  base capture: shape (256, 256, 4), mean RGB [0.496 0.496 0.248], max 0.992
  S0 identity (d=0, n=256, weight=1): relative error vs NumPy emulation, per (up_flip, out_flip):
     up=0 out=0  rel_err = 0.0000
     up=0 out=1  rel_err = 0.6000
     up=1 out=0  rel_err = 0.6000
     up=1 out=1  rel_err = 0.0000
  S0b shift (d=0.25, F=(0.3,0.5), n=256):
     up=0 out=0  rel_err = 0.5915
     up=0 out=1  rel_err = 0.5977
     up=1 out=0  rel_err = 0.5283
     up=1 out=1  rel_err = 0.0025
  best = up_flip 1, out_flip 1 (error 0.0025 vs runner-up 0.5283: distinct)

== S2b: quality vs point density (capture 256^2; points per pixel = n^2 / 256^2) ==
  -- d = 1.0 d*   (photon-count truth has ~144 samples/bin: its own noise limits r to ~0.99+)
     n=  256    1.0 pts/px   0.07 M pts:  r(GPU, truth) = 0.9897   top-8% IoU = 0.906   peak 18.6
     n=  384    2.2 pts/px   0.15 M pts:  r(GPU, truth) = 0.9973   top-8% IoU = 0.966   peak 18.6
     n=  512    4.0 pts/px   0.26 M pts:  r(GPU, truth) = 0.9985   top-8% IoU = 0.972   peak 18.7
     n=  768    9.0 pts/px   0.59 M pts:  r(GPU, truth) = 0.9992   top-8% IoU = 0.980   peak 18.7
     n= 1024   16.0 pts/px   1.05 M pts:  r(GPU, truth) = 0.9993   top-8% IoU = 0.982   peak 18.7
     n= 1536   36.0 pts/px   2.36 M pts:  r(GPU, truth) = 0.9993   top-8% IoU = 0.982   peak 18.7
  -- d = 3.5 d*   (photon-count truth has ~144 samples/bin: its own noise limits r to ~0.99+)
     n=  256    1.0 pts/px   0.07 M pts:  r(GPU, truth) = 0.9782   top-8% IoU = 0.844   peak 18.6
     n=  384    2.2 pts/px   0.15 M pts:  r(GPU, truth) = 0.9918   top-8% IoU = 0.912   peak 18.5
     n=  512    4.0 pts/px   0.26 M pts:  r(GPU, truth) = 0.9937   top-8% IoU = 0.925   peak 18.5
     n=  768    9.0 pts/px   0.59 M pts:  r(GPU, truth) = 0.9939   top-8% IoU = 0.925   peak 18.6
     n= 1024   16.0 pts/px   1.05 M pts:  r(GPU, truth) = 0.9940   top-8% IoU = 0.926   peak 18.6
     n= 1536   36.0 pts/px   2.36 M pts:  r(GPU, truth) = 0.9940   top-8% IoU = 0.926   peak 18.6
