
== S0 / S0b: identity and orientation ==
  [S0/S0b] status=ok frames=133 elapsed=2239 ms errors=0
  base capture: shape (256, 256, 4), mean RGB [0.496 0.496 0.248], max 0.992
  S0 identity (d=0, n=256, weight=1): relative error vs NumPy emulation, per (up_flip, out_flip):
     up=0 out=0  rel_err = 0.0000
     up=0 out=1  rel_err = 0.6000
     up=1 out=0  rel_err = 0.6000
     up=1 out=1  rel_err = 0.0000
  S0b shift (d=0.25, F=(0.3,0.5), n=256):
     up=0 out=0  rel_err = 0.5915
     up=0 out=1  rel_err = 0.5977
     up=1 out=0  rel_err = 0.5283
     up=1 out=1  rel_err = 0.0025
  best = up_flip 1, out_flip 1 (error 0.0025 vs runner-up 0.5283: distinct)

== S6: fixed n=4096 (16.8 M points); capture size varies; ms per frame, 2 reps each ==
  size-3 footprint                     r= 512 ( 64.0 pts/px):  71.72  70.56  mean  71.14 ms = 4.24 ms per M pts  errors 0
  size-3 footprint                     r=1024 ( 16.0 pts/px):  68.58  69.06  mean  68.82 ms = 4.10 ms per M pts  errors 0
  size-3 footprint                     r=2048 (  4.0 pts/px):  37.00  36.85  mean  36.92 ms = 2.20 ms per M pts  errors 0
  size-3 footprint                     r=4096 (  1.0 pts/px):  21.50  21.65  mean  21.57 ms = 1.29 ms per M pts  errors 0
  corner-snap, size 2                  r= 512 ( 64.0 pts/px):  61.84  60.73  mean  61.28 ms = 3.65 ms per M pts  errors 0
  corner-snap, size 2                  r=1024 ( 16.0 pts/px):  37.65  32.99  mean  35.32 ms = 2.11 ms per M pts  errors 0
  corner-snap, size 2                  r=2048 (  4.0 pts/px):  22.60  24.60  mean  23.60 ms = 1.41 ms per M pts  errors 0
  corner-snap, size 2                  r=4096 (  1.0 pts/px):  17.93  16.96  mean  17.44 ms = 1.04 ms per M pts  (at/near the cap)  errors 0
  size 1 (vertex only; energy wrong)   r=1024 ( 16.0 pts/px):  18.26  20.77  mean  19.51 ms = 1.16 ms per M pts  errors 0
  size 1 (vertex only; energy wrong)   r=4096 (  1.0 pts/px):  16.35  16.34  mean  16.35 ms = 0.97 ms per M pts  (at/near the cap)  errors 0
