module bench not open: reopening (Max comes to the front)

== S0 / S0b: identity and orientation ==
  [S0/S0b] status=ok frames=133 elapsed=2246 ms errors=0
  base capture: shape (256, 256, 4), mean RGB [0.496 0.496 0.248], max 0.992
  S0 identity (d=0, n=256, weight=1): relative error vs NumPy emulation, per (up_flip, out_flip):
     up=0 out=0  rel_err = 0.0000
     up=0 out=1  rel_err = 0.6000
     up=1 out=0  rel_err = 0.6000
     up=1 out=1  rel_err = 0.0000
  S0b shift (d=0.25, F=(0.3,0.5), n=256):
     up=0 out=0  rel_err = 0.5915
     up=0 out=1  rel_err = 0.5977
     up=1 out=0  rel_err = 0.5283
     up=1 out=1  rel_err = 0.0025
  best = up_flip 1, out_flip 1 (error 0.0025 vs runner-up 0.5283: distinct)

== S11: `detail N` against the equivalent explicit parameter messages ==
  step 1 (256^2, 2 pts/px, n=362,  0.13 M pts): capture 256x256, max|diff| 0.000000, mean RGB [0.483 0.487 0.24 ], errors 0  IDENTICAL
  step 2 (512^2, 2 pts/px, n=724,  0.52 M pts): capture 512x512, max|diff| 0.000000, mean RGB [0.483 0.488 0.241], errors 0  IDENTICAL
  step 3 (768^2, 2 pts/px, n=1086,  1.18 M pts): capture 768x768, max|diff| 0.000000, mean RGB [0.484 0.488 0.241], errors 0  IDENTICAL
  step 4 (1024^2, 2 pts/px, n=1448,  2.10 M pts): capture 1024x1024, max|diff| 0.000000, mean RGB [0.484 0.488 0.241], errors 0  IDENTICAL
  step 5 (1024^2, 4 pts/px, n=2048,  4.19 M pts): capture 1024x1024, max|diff| 0.000000, mean RGB [0.484 0.488 0.241], errors 0  IDENTICAL
