
== S0 / S0b: identity and orientation ==
  [S0/S0b] status=ok frames=133 elapsed=2235 ms errors=0
  base capture: shape (256, 256, 4), mean RGB [0.496 0.496 0.248], max 0.992
  S0 identity (d=0, n=256, weight=1): relative error vs NumPy emulation, per (up_flip, out_flip):
     up=0 out=0  rel_err = 0.0000
     up=0 out=1  rel_err = 0.6000
     up=1 out=0  rel_err = 0.6000
     up=1 out=1  rel_err = 0.0000
  S0b shift (d=0.25, F=(0.3,0.5), n=256):
     up=0 out=0  rel_err = 0.5915
     up=0 out=1  rel_err = 0.5977
     up=1 out=0  rel_err = 0.5283
     up=1 out=1  rel_err = 0.0025
  best = up_flip 1, out_flip 1 (error 0.0025 vs runner-up 0.5283: distinct)

== S7: coarse capture + bilinear upscale vs a 16 pts/px reference at 1024^2 ==
  -- d = 1.0 d*   reference (n=4096, 16 pts/px): r vs truth 0.9998, top-8% IoU 0.983, peak 49.2
     s  capture  pts/px(cap)   M pts @1080p-equiv  | vs ref @1024: r / IoU | vs ref @256: r / IoU | vs truth @256: r / IoU
     1   1024^2     1            2.07             | 0.9909 / 0.910      | 0.9998 / 0.991     | 0.9995 / 0.982
     1   1024^2     2            4.15             | 0.9979 / 0.960      | 1.0000 / 0.995     | 0.9997 / 0.982
     1   1024^2     4            8.29             | 0.9992 / 0.983      | 1.0000 / 0.998     | 0.9998 / 0.982
     2    512^2     1            0.52             | 0.9953 / 0.953      | 0.9987 / 0.983     | 0.9984 / 0.975
     2    512^2     2            1.04             | 0.9981 / 0.978      | 0.9995 / 0.993     | 0.9992 / 0.980
     2    512^2     4            2.07             | 0.9986 / 0.989      | 0.9996 / 0.993     | 0.9993 / 0.982
     4    256^2     1            0.13             | 0.9896 / 0.947      | 0.9939 / 0.952     | 0.9935 / 0.949
     4    256^2     2            0.26             | 0.9929 / 0.968      | 0.9965 / 0.975     | 0.9961 / 0.971
     4    256^2     4            0.52             | 0.9934 / 0.978      | 0.9970 / 0.979     | 0.9965 / 0.972
  -- d = 3.5 d*   reference (n=4096, 16 pts/px): r vs truth 0.9998, top-8% IoU 0.990, peak 44.0
     s  capture  pts/px(cap)   M pts @1080p-equiv  | vs ref @1024: r / IoU | vs ref @256: r / IoU | vs truth @256: r / IoU
     1   1024^2     1            2.07             | 0.9880 / 0.885      | 0.9998 / 0.993     | 0.9997 / 0.987
     1   1024^2     2            4.15             | 0.9977 / 0.957      | 1.0000 / 0.996     | 0.9998 / 0.991
     1   1024^2     4            8.29             | 0.9998 / 0.987      | 1.0000 / 0.998     | 0.9998 / 0.990
     2    512^2     1            0.52             | 0.9546 / 0.879      | 0.9959 / 0.930     | 0.9948 / 0.926
     2    512^2     2            1.04             | 0.9579 / 0.899      | 0.9963 / 0.930     | 0.9952 / 0.928
     2    512^2     4            2.07             | 0.9583 / 0.901      | 0.9963 / 0.931     | 0.9953 / 0.930
     4    256^2     1            0.13             | 0.8985 / 0.788      | 0.9747 / 0.826     | 0.9728 / 0.822
     4    256^2     2            0.26             | 0.9026 / 0.809      | 0.9781 / 0.835     | 0.9762 / 0.835
     4    256^2     4            0.52             | 0.9033 / 0.813      | 0.9787 / 0.836     | 0.9767 / 0.835
  figure: /Users/matt/Github/f_/scratch/scatter_spike_s7_1p0dstar.png
  figure: /Users/matt/Github/f_/scratch/scatter_spike_s7_3p5dstar.png
